******************************************************************************
                  TI ARM Linker PC v20.2.5                     
******************************************************************************
>> Linked Wed Nov  3 23:49:06 2021

OUTPUT FILE NAME:   <Laboratorio9.out>
ENTRY POINT SYMBOL: "_c_int00_noinit_noargs"  address: 00000705


MEMORY CONFIGURATION

         name            origin    length      used     unused   attr    fill
----------------------  --------  ---------  --------  --------  ----  --------
  FLASH                 00000000   00040000  00000810  0003f7f0  R  X
  SRAM                  20000000   00008000  00000200  00007e00  RW X


SEGMENT ALLOCATION MAP

run origin  load origin   length   init length attrs members
----------  ----------- ---------- ----------- ----- -------
00000000    00000000    00000810   00000810    r-x
  00000000    00000000    0000026c   0000026c    r-- .intvecs
  0000026c    0000026c    00000538   00000538    r-x .text
  000007a4    000007a4    0000006c   0000006c    r-- .const
20000000    20000000    00000200   00000000    rw-
  20000000    20000000    00000200   00000000    rw- .stack


SECTION ALLOCATION MAP

 output                                  attributes/
section   page    origin      length       input sections
--------  ----  ----------  ----------   ----------------
.intvecs   0    00000000    0000026c     
                  00000000    0000026c     tm4c123gh6pm_startup_ccs.obj (.intvecs)

.text      0    0000026c    00000538     
                  0000026c    00000132     driverlib.lib : gpio.obj (.text:GPIOPadConfigSet)
                  0000039e    00000002     --HOLE-- [fill = 0]
                  000003a0    0000012c     main.obj (.text)
                  000004cc    00000110     driverlib.lib : sysctl.obj (.text:SysCtlClockGet)
                  000005dc    000000f4                   : sysctl.obj (.text:SysCtlClockSet)
                  000006d0    00000034                   : sysctl.obj (.text:SysCtlPeripheralEnable)
                  00000704    0000002c     rtsv7M4_T_le_v4SPD16_eabi.lib : boot_cortex_m.c.obj (.text:_c_int00_noinit_noargs:_c_int00_noinit_noargs)
                  00000730    0000002a     driverlib.lib : gpio.obj (.text:GPIODirModeSet)
                  0000075a    00000018                   : gpio.obj (.text:GPIOPinTypeGPIOOutput)
                  00000772    00000012                   : gpio.obj (.text:GPIOPinTypeGPIOInput)
                  00000784    0000000c     tm4c123gh6pm_startup_ccs.obj (.text)
                  00000790    00000006     driverlib.lib : gpio.obj (.text:GPIOPinWrite)
                  00000796    00000006                   : sysctl.obj (.text:SysCtlDelay)
                  0000079c    00000004     rtsv7M4_T_le_v4SPD16_eabi.lib : pre_init.c.obj (.text:_system_pre_init)
                  000007a0    00000004                                   : exit.c.obj (.text:abort:abort)

.const     0    000007a4    0000006c     
                  000007a4    0000006c     driverlib.lib : sysctl.obj (.const:g_pui32Xtals)

.cinit     0    00000000    00000000     UNINITIALIZED

.init_array 
*          0    00000000    00000000     UNINITIALIZED

.stack     0    20000000    00000200     UNINITIALIZED
                  20000000    00000004     rtsv7M4_T_le_v4SPD16_eabi.lib : boot_cortex_m.c.obj (.stack)
                  20000004    000001fc     --HOLE--

__llvm_prf_cnts 
*          0    20000000    00000000     UNINITIALIZED

MODULE SUMMARY

       Module                         code   ro data   rw data
       ------                         ----   -------   -------
    .\
       tm4c123gh6pm_startup_ccs.obj   12     620       0      
       main.obj                       300    0         0      
    +--+------------------------------+------+---------+---------+
       Total:                         312    620       0      
                                                              
    C:/ti/TivaWare_C_Series-2.1.4.178/driverlib/ccs/Debug/driverlib.lib
       sysctl.obj                     574    108       0      
       gpio.obj                       396    0         0      
    +--+------------------------------+------+---------+---------+
       Total:                         970    108       0      
                                                              
    C:\ti\ccs1100\ccs\tools\compiler\ti-cgt-arm_20.2.5.LTS\lib\rtsv7M4_T_le_v4SPD16_eabi.lib
       boot_cortex_m.c.obj            44     0         0      
       exit.c.obj                     4      0         0      
       pre_init.c.obj                 4      0         0      
    +--+------------------------------+------+---------+---------+
       Total:                         52     0         0      
                                                              
       Stack:                         0      0         512    
    +--+------------------------------+------+---------+---------+
       Grand Total:                   1334   728       512    


GLOBAL SYMBOLS: SORTED ALPHABETICALLY BY Name 

address   name                   
-------   ----                   
000007a1  C$$EXIT                
00000731  GPIODirModeSet         
0000026d  GPIOPadConfigSet       
00000773  GPIOPinTypeGPIOInput   
0000075b  GPIOPinTypeGPIOOutput  
00000791  GPIOPinWrite           
00000785  ResetISR               
000004cd  SysCtlClockGet         
000005dd  SysCtlClockSet         
00000797  SysCtlDelay            
000006d1  SysCtlPeripheralEnable 
20000200  __STACK_END            
00000200  __STACK_SIZE           
20000200  __STACK_TOP            
ffffffff  __TI_pprof_out_hndl    
ffffffff  __TI_prof_data_size    
ffffffff  __TI_prof_data_start   
00000000  __TI_static_base__     
ffffffff  __binit__              
ffffffff  __c_args__             
UNDEFED   __mpu_init             
20000000  __stack                
20000000  __start___llvm_prf_cnts
20000000  __stop___llvm_prf_cnts 
00000705  _c_int00_noinit_noargs 
0000079d  _system_pre_init       
000007a1  abort                  
ffffffff  binit                  
000004a1  delayMs                
00000000  g_pfnVectors           
000003a1  main                   
000003d7  semaforo               


GLOBAL SYMBOLS: SORTED BY Symbol Address 

address   name                   
-------   ----                   
00000000  __TI_static_base__     
00000000  g_pfnVectors           
00000200  __STACK_SIZE           
0000026d  GPIOPadConfigSet       
000003a1  main                   
000003d7  semaforo               
000004a1  delayMs                
000004cd  SysCtlClockGet         
000005dd  SysCtlClockSet         
000006d1  SysCtlPeripheralEnable 
00000705  _c_int00_noinit_noargs 
00000731  GPIODirModeSet         
0000075b  GPIOPinTypeGPIOOutput  
00000773  GPIOPinTypeGPIOInput   
00000785  ResetISR               
00000791  GPIOPinWrite           
00000797  SysCtlDelay            
0000079d  _system_pre_init       
000007a1  C$$EXIT                
000007a1  abort                  
20000000  __stack                
20000000  __start___llvm_prf_cnts
20000000  __stop___llvm_prf_cnts 
20000200  __STACK_END            
20000200  __STACK_TOP            
ffffffff  __TI_pprof_out_hndl    
ffffffff  __TI_prof_data_size    
ffffffff  __TI_prof_data_start   
ffffffff  __binit__              
ffffffff  __c_args__             
ffffffff  binit                  
UNDEFED   __mpu_init             

[32 symbols]
