******************************************************************************
                  TI ARM Linker PC v20.2.5                     
******************************************************************************
>> Linked Thu Nov  4 01:17:42 2021

OUTPUT FILE NAME:   <Laboratorio9.out>
ENTRY POINT SYMBOL: "_c_int00_noargs"  address: 00000949


MEMORY CONFIGURATION

         name            origin    length      used     unused   attr    fill
----------------------  --------  ---------  --------  --------  ----  --------
  FLASH                 00000000   00040000  00000c0c  0003f3f4  R  X
  SRAM                  20000000   00008000  0000046d  00007b93  RW X


SEGMENT ALLOCATION MAP

run origin  load origin   length   init length attrs members
----------  ----------- ---------- ----------- ----- -------
00000000    00000000    00000c0c   00000c0c    r-x
  00000000    00000000    0000026c   0000026c    r-- .intvecs
  0000026c    0000026c    00000800   00000800    r-x .text
  00000a6c    00000a6c    0000017c   0000017c    r-- .const
  00000be8    00000be8    00000024   00000024    r-- .cinit
20000000    20000000    00000470   00000000    rw-
  20000000    20000000    0000026c   00000000    rw- .vtable
  2000026c    2000026c    00000001   00000000    rw- .bss
  20000270    20000270    00000200   00000000    rw- .stack


SECTION ALLOCATION MAP

 output                                  attributes/
section   page    origin      length       input sections
--------  ----  ----------  ----------   ----------------
.intvecs   0    00000000    0000026c     
                  00000000    0000026c     tm4c123gh6pm_startup_ccs.obj (.intvecs)

.text      0    0000026c    00000800     
                  0000026c    000001ac     main.obj (.text)
                  00000418    00000132     driverlib.lib : gpio.obj (.text:GPIOPadConfigSet)
                  0000054a    00000002     --HOLE-- [fill = 0]
                  0000054c    00000110                   : sysctl.obj (.text:SysCtlClockGet)
                  0000065c    000000f4                   : sysctl.obj (.text:SysCtlClockSet)
                  00000750    00000068                   : interrupt.obj (.text:IntEnable)
                  000007b8    00000060                   : timer.obj (.text:TimerConfigure)
                  00000818    0000004c                   : timer.obj (.text:_TimerIntNumberGet)
                  00000864    00000044     rtsv7M4_T_le_v4SPD16_eabi.lib : autoinit.c.obj (.text:__TI_auto_init_nobinit_nopinit:__TI_auto_init_nobinit_nopinit)
                  000008a8    00000038     driverlib.lib : sysctl.obj (.text:SysCtlPeripheralReady)
                  000008e0    00000034                   : interrupt.obj (.text:IntRegister)
                  00000914    00000034                   : sysctl.obj (.text:SysCtlPeripheralEnable)
                  00000948    00000034     rtsv7M4_T_le_v4SPD16_eabi.lib : boot_cortex_m.c.obj (.text:_c_int00_noargs:_c_int00_noargs)
                  0000097c    0000002a     driverlib.lib : gpio.obj (.text:GPIODirModeSet)
                  000009a6    0000001c     rtsv7M4_T_le_v4SPD16_eabi.lib : copy_zero_init.c.obj (.text:decompress:ZI:__TI_zero_init_nomemset:__TI_zero_init_nomemset)
                  000009c2    00000018     driverlib.lib : gpio.obj (.text:GPIOPinTypeGPIOOutput)
                  000009da    00000018                   : timer.obj (.text:TimerIntRegister)
                  000009f2    00000012                   : gpio.obj (.text:GPIOPinTypeGPIOInput)
                  00000a04    00000012                   : timer.obj (.text:TimerLoadSet)
                  00000a16    00000010                   : interrupt.obj (.text:IntMasterEnable)
                  00000a26    0000000e                   : timer.obj (.text:TimerEnable)
                  00000a34    0000000c                   : cpu.obj (.text:CPUcpsie)
                  00000a40    0000000c     tm4c123gh6pm_startup_ccs.obj (.text)
                  00000a4c    00000008     driverlib.lib : timer.obj (.text:TimerIntEnable)
                  00000a54    00000006                   : gpio.obj (.text:GPIOPinWrite)
                  00000a5a    00000006                   : sysctl.obj (.text:SysCtlDelay)
                  00000a60    00000004                   : timer.obj (.text:TimerIntClear)
                  00000a64    00000004     rtsv7M4_T_le_v4SPD16_eabi.lib : pre_init.c.obj (.text:_system_pre_init)
                  00000a68    00000004                                   : exit.c.obj (.text:abort:abort)

.const     0    00000a6c    0000017c     
                  00000a6c    00000070     driverlib.lib : interrupt.obj (.const)
                  00000adc    0000006c                   : sysctl.obj (.const:g_pui32Xtals)
                  00000b48    00000060                   : timer.obj (.const:g_ppui32TimerIntMap)
                  00000ba8    00000040                   : timer.obj (.const:g_ppui32TimerIntMapSnowflake)

.cinit     0    00000be8    00000024     
                  00000be8    00000008     (.cinit..bss.load) [load image, compression = zero_init]
                  00000bf0    00000008     (.cinit..vtable.load) [load image, compression = zero_init]
                  00000bf8    00000004     (__TI_handler_table)
                  00000bfc    00000010     (__TI_cinit_table)

.init_array 
*          0    00000000    00000000     UNINITIALIZED

.vtable    0    20000000    0000026c     UNINITIALIZED
                  20000000    0000026c     driverlib.lib : interrupt.obj (.vtable)

.bss       0    2000026c    00000001     UNINITIALIZED
                  2000026c    00000001     (.common:mplex)

.stack     0    20000270    00000200     UNINITIALIZED
                  20000270    00000004     rtsv7M4_T_le_v4SPD16_eabi.lib : boot_cortex_m.c.obj (.stack)
                  20000274    000001fc     --HOLE--

__llvm_prf_cnts 
*          0    20000000    00000000     UNINITIALIZED

MODULE SUMMARY

       Module                         code   ro data   rw data
       ------                         ----   -------   -------
    .\
       tm4c123gh6pm_startup_ccs.obj   12     620       0      
       main.obj                       428    0         1      
    +--+------------------------------+------+---------+---------+
       Total:                         440    620       1      
                                                              
    C:/ti/TivaWare_C_Series-2.1.4.178/driverlib/ccs/Debug/driverlib.lib
       interrupt.obj                  172    112       620    
       sysctl.obj                     630    108       0      
       timer.obj                      240    160       0      
       gpio.obj                       396    0         0      
       cpu.obj                        12     0         0      
    +--+------------------------------+------+---------+---------+
       Total:                         1450   380       620    
                                                              
    C:\ti\ccs1100\ccs\tools\compiler\ti-cgt-arm_20.2.5.LTS\lib\rtsv7M4_T_le_v4SPD16_eabi.lib
       autoinit.c.obj                 68     0         0      
       boot_cortex_m.c.obj            52     0         0      
       copy_zero_init.c.obj           28     0         0      
       exit.c.obj                     4      0         0      
       pre_init.c.obj                 4      0         0      
    +--+------------------------------+------+---------+---------+
       Total:                         156    0         0      
                                                              
       Stack:                         0      0         512    
       Linker Generated:              0      36        0      
    +--+------------------------------+------+---------+---------+
       Grand Total:                   2046   1036      1133   


LINKER GENERATED COPY TABLES

__TI_cinit_table @ 00000bfc records: 2, size/record: 8, table size: 16
	.bss: load addr=00000be8, load size=00000008 bytes, run addr=2000026c, run size=00000001 bytes, compression=zero_init
	.vtable: load addr=00000bf0, load size=00000008 bytes, run addr=20000000, run size=0000026c bytes, compression=zero_init


LINKER GENERATED HANDLER TABLE

__TI_handler_table @ 00000bf8 records: 1, size/record: 4, table size: 4
	index: 0, handler: __TI_zero_init


GLOBAL SYMBOLS: SORTED ALPHABETICALLY BY Name 

address   name                          
-------   ----                          
00000a69  C$$EXIT                       
00000a35  CPUcpsie                      
0000097d  GPIODirModeSet                
00000419  GPIOPadConfigSet              
000009f3  GPIOPinTypeGPIOInput          
000009c3  GPIOPinTypeGPIOOutput         
00000a55  GPIOPinWrite                  
00000751  IntEnable                     
00000a17  IntMasterEnable               
000008e1  IntRegister                   
00000a41  ResetISR                      
0000054d  SysCtlClockGet                
0000065d  SysCtlClockSet                
00000a5b  SysCtlDelay                   
00000915  SysCtlPeripheralEnable        
000008a9  SysCtlPeripheralReady         
000003c7  Timer0IntHandler              
000007b9  TimerConfigure                
00000a27  TimerEnable                   
00000a61  TimerIntClear                 
00000a4d  TimerIntEnable                
000009db  TimerIntRegister              
00000a05  TimerLoadSet                  
20000470  __STACK_END                   
00000200  __STACK_SIZE                  
20000470  __STACK_TOP                   
00000bfc  __TI_CINIT_Base               
00000c0c  __TI_CINIT_Limit              
00000bf8  __TI_Handler_Table_Base       
00000bfc  __TI_Handler_Table_Limit      
00000865  __TI_auto_init_nobinit_nopinit
ffffffff  __TI_pprof_out_hndl           
ffffffff  __TI_prof_data_size           
ffffffff  __TI_prof_data_start          
00000000  __TI_static_base__            
000009a7  __TI_zero_init_nomemset       
ffffffff  __binit__                     
ffffffff  __c_args__                    
UNDEFED   __mpu_init                    
20000270  __stack                       
20000000  __start___llvm_prf_cnts       
20000000  __stop___llvm_prf_cnts        
00000949  _c_int00_noargs               
UNDEFED   _system_post_cinit            
00000a65  _system_pre_init              
00000a69  abort                         
ffffffff  binit                         
000003ad  delayMs                       
20000000  g_pfnRAMVectors               
00000000  g_pfnVectors                  
0000026d  main                          
2000026c  mplex                         
000002e3  semaforo                      


GLOBAL SYMBOLS: SORTED BY Symbol Address 

address   name                          
-------   ----                          
00000000  __TI_static_base__            
00000000  g_pfnVectors                  
00000200  __STACK_SIZE                  
0000026d  main                          
000002e3  semaforo                      
000003ad  delayMs                       
000003c7  Timer0IntHandler              
00000419  GPIOPadConfigSet              
0000054d  SysCtlClockGet                
0000065d  SysCtlClockSet                
00000751  IntEnable                     
000007b9  TimerConfigure                
00000865  __TI_auto_init_nobinit_nopinit
000008a9  SysCtlPeripheralReady         
000008e1  IntRegister                   
00000915  SysCtlPeripheralEnable        
00000949  _c_int00_noargs               
0000097d  GPIODirModeSet                
000009a7  __TI_zero_init_nomemset       
000009c3  GPIOPinTypeGPIOOutput         
000009db  TimerIntRegister              
000009f3  GPIOPinTypeGPIOInput          
00000a05  TimerLoadSet                  
00000a17  IntMasterEnable               
00000a27  TimerEnable                   
00000a35  CPUcpsie                      
00000a41  ResetISR                      
00000a4d  TimerIntEnable                
00000a55  GPIOPinWrite                  
00000a5b  SysCtlDelay                   
00000a61  TimerIntClear                 
00000a65  _system_pre_init              
00000a69  C$$EXIT                       
00000a69  abort                         
00000bf8  __TI_Handler_Table_Base       
00000bfc  __TI_CINIT_Base               
00000bfc  __TI_Handler_Table_Limit      
00000c0c  __TI_CINIT_Limit              
20000000  __start___llvm_prf_cnts       
20000000  __stop___llvm_prf_cnts        
20000000  g_pfnRAMVectors               
2000026c  mplex                         
20000270  __stack                       
20000470  __STACK_END                   
20000470  __STACK_TOP                   
ffffffff  __TI_pprof_out_hndl           
ffffffff  __TI_prof_data_size           
ffffffff  __TI_prof_data_start          
ffffffff  __binit__                     
ffffffff  __c_args__                    
ffffffff  binit                         
UNDEFED   __mpu_init                    
UNDEFED   _system_post_cinit            

[53 symbols]
