<?xml version="1.0" encoding="ISO-8859-1" ?>
<link_info>
   <banner>TI ARM Linker PC v20.2.5.LTS</banner>
   <copyright>Copyright (c) 1996-2018 Texas Instruments Incorporated</copyright>
   <link_time>0x61838916</link_time>
   <link_errors>0x0</link_errors>
   <output_file>Laboratorio9.out</output_file>
   <entry_point>
      <name>_c_int00_noargs</name>
      <address>0x949</address>
   </entry_point>
   <input_file_list>
      <input_file id="fl-2">
         <path>.\</path>
         <kind>object</kind>
         <file>main.obj</file>
         <name>main.obj</name>
      </input_file>
      <input_file id="fl-3">
         <path>.\</path>
         <kind>object</kind>
         <file>tm4c123gh6pm_startup_ccs.obj</file>
         <name>tm4c123gh6pm_startup_ccs.obj</name>
      </input_file>
      <input_file id="fl-8">
         <kind>object</kind>
         <file>&lt;internal&gt;</file>
         <name>&lt;internal&gt;</name>
      </input_file>
      <input_file id="fl-9">
         <path>C:\ti\TivaWare_C_Series-2.1.4.178\driverlib\ccs\Debug\</path>
         <kind>archive</kind>
         <file>driverlib.lib</file>
         <name>gpio.obj</name>
      </input_file>
      <input_file id="fl-a">
         <path>C:\ti\TivaWare_C_Series-2.1.4.178\driverlib\ccs\Debug\</path>
         <kind>archive</kind>
         <file>driverlib.lib</file>
         <name>interrupt.obj</name>
      </input_file>
      <input_file id="fl-b">
         <path>C:\ti\TivaWare_C_Series-2.1.4.178\driverlib\ccs\Debug\</path>
         <kind>archive</kind>
         <file>driverlib.lib</file>
         <name>sysctl.obj</name>
      </input_file>
      <input_file id="fl-c">
         <path>C:\ti\TivaWare_C_Series-2.1.4.178\driverlib\ccs\Debug\</path>
         <kind>archive</kind>
         <file>driverlib.lib</file>
         <name>timer.obj</name>
      </input_file>
      <input_file id="fl-d">
         <path>C:\ti\TivaWare_C_Series-2.1.4.178\driverlib\ccs\Debug\</path>
         <kind>archive</kind>
         <file>driverlib.lib</file>
         <name>cpu.obj</name>
      </input_file>
      <input_file id="fl-c3">
         <path>C:\ti\ccs1100\ccs\tools\compiler\ti-cgt-arm_20.2.5.LTS\lib\</path>
         <kind>archive</kind>
         <file>rtsv7M4_T_le_v4SPD16_eabi.lib</file>
         <name>copy_zero_init.c.obj</name>
      </input_file>
      <input_file id="fl-c4">
         <path>C:\ti\ccs1100\ccs\tools\compiler\ti-cgt-arm_20.2.5.LTS\lib\</path>
         <kind>archive</kind>
         <file>rtsv7M4_T_le_v4SPD16_eabi.lib</file>
         <name>copy_decompress_none.c.obj</name>
      </input_file>
      <input_file id="fl-c5">
         <path>C:\ti\ccs1100\ccs\tools\compiler\ti-cgt-arm_20.2.5.LTS\lib\</path>
         <kind>archive</kind>
         <file>rtsv7M4_T_le_v4SPD16_eabi.lib</file>
         <name>copy_decompress_lzss.c.obj</name>
      </input_file>
      <input_file id="fl-c6">
         <path>C:\ti\ccs1100\ccs\tools\compiler\ti-cgt-arm_20.2.5.LTS\lib\</path>
         <kind>archive</kind>
         <file>rtsv7M4_T_le_v4SPD16_eabi.lib</file>
         <name>boot_cortex_m.c.obj</name>
      </input_file>
      <input_file id="fl-c7">
         <path>C:\ti\ccs1100\ccs\tools\compiler\ti-cgt-arm_20.2.5.LTS\lib\</path>
         <kind>archive</kind>
         <file>rtsv7M4_T_le_v4SPD16_eabi.lib</file>
         <name>memcpy_t2.asm.obj</name>
      </input_file>
      <input_file id="fl-c8">
         <path>C:\ti\ccs1100\ccs\tools\compiler\ti-cgt-arm_20.2.5.LTS\lib\</path>
         <kind>archive</kind>
         <file>rtsv7M4_T_le_v4SPD16_eabi.lib</file>
         <name>memset_t2.asm.obj</name>
      </input_file>
      <input_file id="fl-c9">
         <path>C:\ti\ccs1100\ccs\tools\compiler\ti-cgt-arm_20.2.5.LTS\lib\</path>
         <kind>archive</kind>
         <file>rtsv7M4_T_le_v4SPD16_eabi.lib</file>
         <name>autoinit.c.obj</name>
      </input_file>
      <input_file id="fl-ca">
         <path>C:\ti\ccs1100\ccs\tools\compiler\ti-cgt-arm_20.2.5.LTS\lib\</path>
         <kind>archive</kind>
         <file>rtsv7M4_T_le_v4SPD16_eabi.lib</file>
         <name>pre_init.c.obj</name>
      </input_file>
      <input_file id="fl-cb">
         <path>C:\ti\ccs1100\ccs\tools\compiler\ti-cgt-arm_20.2.5.LTS\lib\</path>
         <kind>archive</kind>
         <file>rtsv7M4_T_le_v4SPD16_eabi.lib</file>
         <name>cpy_tbl.c.obj</name>
      </input_file>
      <input_file id="fl-cc">
         <path>C:\ti\ccs1100\ccs\tools\compiler\ti-cgt-arm_20.2.5.LTS\lib\</path>
         <kind>archive</kind>
         <file>rtsv7M4_T_le_v4SPD16_eabi.lib</file>
         <name>exit.c.obj</name>
      </input_file>
      <input_file id="fl-cd">
         <path>C:\ti\ccs1100\ccs\tools\compiler\ti-cgt-arm_20.2.5.LTS\lib\</path>
         <kind>archive</kind>
         <file>rtsv7M4_T_le_v4SPD16_eabi.lib</file>
         <name>_lock.c.obj</name>
      </input_file>
      <input_file id="fl-ce">
         <path>C:\ti\ccs1100\ccs\tools\compiler\ti-cgt-arm_20.2.5.LTS\lib\</path>
         <kind>archive</kind>
         <file>rtsv7M4_T_le_v4SPD16_eabi.lib</file>
         <name>args_main.c.obj</name>
      </input_file>
   </input_file_list>
   <object_component_list>
      <object_component id="oc-12">
         <name>.intvecs</name>
         <load_address>0x0</load_address>
         <run_address>0x0</run_address>
         <size>0x26c</size>
         <input_file_ref idref="fl-3"/>
      </object_component>
      <object_component id="oc-2d">
         <name>.text</name>
         <load_address>0x26c</load_address>
         <run_address>0x26c</run_address>
         <size>0x1ac</size>
         <input_file_ref idref="fl-2"/>
      </object_component>
      <object_component id="oc-8c">
         <name>.text:GPIOPadConfigSet</name>
         <load_address>0x418</load_address>
         <run_address>0x418</run_address>
         <size>0x132</size>
         <input_file_ref idref="fl-9"/>
      </object_component>
      <object_component id="oc-a4">
         <name>.text:SysCtlClockGet</name>
         <load_address>0x54c</load_address>
         <run_address>0x54c</run_address>
         <size>0x110</size>
         <input_file_ref idref="fl-b"/>
      </object_component>
      <object_component id="oc-74">
         <name>.text:SysCtlClockSet</name>
         <load_address>0x65c</load_address>
         <run_address>0x65c</run_address>
         <size>0xf4</size>
         <input_file_ref idref="fl-b"/>
      </object_component>
      <object_component id="oc-bc">
         <name>.text:IntEnable</name>
         <load_address>0x750</load_address>
         <run_address>0x750</run_address>
         <size>0x68</size>
         <input_file_ref idref="fl-a"/>
      </object_component>
      <object_component id="oc-9e">
         <name>.text:TimerConfigure</name>
         <load_address>0x7b8</load_address>
         <run_address>0x7b8</run_address>
         <size>0x60</size>
         <input_file_ref idref="fl-c"/>
      </object_component>
      <object_component id="oc-139">
         <name>.text:_TimerIntNumberGet</name>
         <load_address>0x818</load_address>
         <run_address>0x818</run_address>
         <size>0x4c</size>
         <input_file_ref idref="fl-c"/>
      </object_component>
      <object_component id="oc-171">
         <name>.text:__TI_auto_init_nobinit_nopinit:__TI_auto_init_nobinit_nopinit</name>
         <load_address>0x864</load_address>
         <run_address>0x864</run_address>
         <size>0x44</size>
         <input_file_ref idref="fl-c9"/>
      </object_component>
      <object_component id="oc-98">
         <name>.text:SysCtlPeripheralReady</name>
         <load_address>0x8a8</load_address>
         <run_address>0x8a8</run_address>
         <size>0x38</size>
         <input_file_ref idref="fl-b"/>
      </object_component>
      <object_component id="oc-13f">
         <name>.text:IntRegister</name>
         <load_address>0x8e0</load_address>
         <run_address>0x8e0</run_address>
         <size>0x34</size>
         <input_file_ref idref="fl-a"/>
      </object_component>
      <object_component id="oc-7a">
         <name>.text:SysCtlPeripheralEnable</name>
         <load_address>0x914</load_address>
         <run_address>0x914</run_address>
         <size>0x34</size>
         <input_file_ref idref="fl-b"/>
      </object_component>
      <object_component id="oc-5f">
         <name>.text:_c_int00_noargs:_c_int00_noargs</name>
         <load_address>0x948</load_address>
         <run_address>0x948</run_address>
         <size>0x34</size>
         <input_file_ref idref="fl-c6"/>
      </object_component>
      <object_component id="oc-11a">
         <name>.text:GPIODirModeSet</name>
         <load_address>0x97c</load_address>
         <run_address>0x97c</run_address>
         <size>0x2a</size>
         <input_file_ref idref="fl-9"/>
      </object_component>
      <object_component id="oc-4d">
         <name>.text:decompress:ZI:__TI_zero_init_nomemset:__TI_zero_init_nomemset</name>
         <load_address>0x9a6</load_address>
         <run_address>0x9a6</run_address>
         <size>0x1c</size>
         <input_file_ref idref="fl-c3"/>
      </object_component>
      <object_component id="oc-80">
         <name>.text:GPIOPinTypeGPIOOutput</name>
         <load_address>0x9c2</load_address>
         <run_address>0x9c2</run_address>
         <size>0x18</size>
         <input_file_ref idref="fl-9"/>
      </object_component>
      <object_component id="oc-b6">
         <name>.text:TimerIntRegister</name>
         <load_address>0x9da</load_address>
         <run_address>0x9da</run_address>
         <size>0x18</size>
         <input_file_ref idref="fl-c"/>
      </object_component>
      <object_component id="oc-86">
         <name>.text:GPIOPinTypeGPIOInput</name>
         <load_address>0x9f2</load_address>
         <run_address>0x9f2</run_address>
         <size>0x12</size>
         <input_file_ref idref="fl-9"/>
      </object_component>
      <object_component id="oc-aa">
         <name>.text:TimerLoadSet</name>
         <load_address>0xa04</load_address>
         <run_address>0xa04</run_address>
         <size>0x12</size>
         <input_file_ref idref="fl-c"/>
      </object_component>
      <object_component id="oc-92">
         <name>.text:IntMasterEnable</name>
         <load_address>0xa16</load_address>
         <run_address>0xa16</run_address>
         <size>0x10</size>
         <input_file_ref idref="fl-a"/>
      </object_component>
      <object_component id="oc-c2">
         <name>.text:TimerEnable</name>
         <load_address>0xa26</load_address>
         <run_address>0xa26</run_address>
         <size>0xe</size>
         <input_file_ref idref="fl-c"/>
      </object_component>
      <object_component id="oc-129">
         <name>.text:CPUcpsie</name>
         <load_address>0xa34</load_address>
         <run_address>0xa34</run_address>
         <size>0xc</size>
         <input_file_ref idref="fl-d"/>
      </object_component>
      <object_component id="oc-27">
         <name>.text</name>
         <load_address>0xa40</load_address>
         <run_address>0xa40</run_address>
         <size>0xc</size>
         <input_file_ref idref="fl-3"/>
      </object_component>
      <object_component id="oc-b0">
         <name>.text:TimerIntEnable</name>
         <load_address>0xa4c</load_address>
         <run_address>0xa4c</run_address>
         <size>0x8</size>
         <input_file_ref idref="fl-c"/>
      </object_component>
      <object_component id="oc-c8">
         <name>.text:GPIOPinWrite</name>
         <load_address>0xa54</load_address>
         <run_address>0xa54</run_address>
         <size>0x6</size>
         <input_file_ref idref="fl-9"/>
      </object_component>
      <object_component id="oc-ce">
         <name>.text:SysCtlDelay</name>
         <load_address>0xa5a</load_address>
         <run_address>0xa5a</run_address>
         <size>0x6</size>
         <input_file_ref idref="fl-b"/>
      </object_component>
      <object_component id="oc-cf">
         <name>.text:TimerIntClear</name>
         <load_address>0xa60</load_address>
         <run_address>0xa60</run_address>
         <size>0x4</size>
         <input_file_ref idref="fl-c"/>
      </object_component>
      <object_component id="oc-100">
         <name>.text:_system_pre_init</name>
         <load_address>0xa64</load_address>
         <run_address>0xa64</run_address>
         <size>0x4</size>
         <input_file_ref idref="fl-ca"/>
      </object_component>
      <object_component id="oc-165">
         <name>.text:abort:abort</name>
         <load_address>0xa68</load_address>
         <run_address>0xa68</run_address>
         <size>0x4</size>
         <input_file_ref idref="fl-cc"/>
      </object_component>
      <object_component id="oc-146">
         <name>.const</name>
         <load_address>0xa6c</load_address>
         <run_address>0xa6c</run_address>
         <size>0x70</size>
         <input_file_ref idref="fl-a"/>
      </object_component>
      <object_component id="oc-133">
         <name>.const:g_pui32Xtals</name>
         <load_address>0xadc</load_address>
         <run_address>0xadc</run_address>
         <size>0x6c</size>
         <input_file_ref idref="fl-b"/>
      </object_component>
      <object_component id="oc-1b2">
         <name>.const:g_ppui32TimerIntMap</name>
         <load_address>0xb48</load_address>
         <run_address>0xb48</run_address>
         <size>0x60</size>
         <input_file_ref idref="fl-c"/>
      </object_component>
      <object_component id="oc-1b5">
         <name>.const:g_ppui32TimerIntMapSnowflake</name>
         <load_address>0xba8</load_address>
         <run_address>0xba8</run_address>
         <size>0x40</size>
         <input_file_ref idref="fl-c"/>
      </object_component>
      <object_component id="oc-243">
         <name>.cinit..bss.load</name>
         <load_address>0xbe8</load_address>
         <run_address>0xbe8</run_address>
         <size>0x8</size>
      </object_component>
      <object_component id="oc-242">
         <name>.cinit..vtable.load</name>
         <load_address>0xbf0</load_address>
         <run_address>0xbf0</run_address>
         <size>0x8</size>
      </object_component>
      <object_component id="oc-240">
         <name>__TI_handler_table</name>
         <load_address>0xbf8</load_address>
         <run_address>0xbf8</run_address>
         <size>0x4</size>
      </object_component>
      <object_component id="oc-241">
         <name>__TI_cinit_table</name>
         <load_address>0xbfc</load_address>
         <run_address>0xbfc</run_address>
         <size>0x10</size>
      </object_component>
      <object_component id="oc-1b9">
         <name>.vtable</name>
         <uninitialized>true</uninitialized>
         <run_address>0x20000000</run_address>
         <size>0x26c</size>
         <input_file_ref idref="fl-a"/>
      </object_component>
      <object_component id="oc-d5">
         <name>.common:mplex</name>
         <uninitialized>true</uninitialized>
         <run_address>0x2000026c</run_address>
         <size>0x1</size>
      </object_component>
      <object_component id="oc-24">
         <name>.stack</name>
         <uninitialized>true</uninitialized>
         <run_address>0x20000270</run_address>
         <size>0x4</size>
         <input_file_ref idref="fl-c6"/>
      </object_component>
      <object_component id="oc-245">
         <name>.stack</name>
         <uninitialized>true</uninitialized>
         <run_address>0x20000270</run_address>
         <size>0x0</size>
      </object_component>
      <object_component id="oc-d6">
         <name>.debug_info</name>
         <load_address>0x0</load_address>
         <run_address>0x0</run_address>
         <size>0x612</size>
         <input_file_ref idref="fl-2"/>
      </object_component>
      <object_component id="oc-2e">
         <name>.debug_info</name>
         <load_address>0x612</load_address>
         <run_address>0x612</run_address>
         <size>0x513</size>
         <input_file_ref idref="fl-2"/>
      </object_component>
      <object_component id="oc-e0">
         <name>.debug_info</name>
         <load_address>0xb25</load_address>
         <run_address>0xb25</run_address>
         <size>0x26b</size>
         <input_file_ref idref="fl-2"/>
      </object_component>
      <object_component id="oc-124">
         <name>.debug_info</name>
         <load_address>0xd90</load_address>
         <run_address>0xd90</run_address>
         <size>0x8b</size>
         <input_file_ref idref="fl-2"/>
      </object_component>
      <object_component id="oc-150">
         <name>.debug_info</name>
         <load_address>0xe1b</load_address>
         <run_address>0xe1b</run_address>
         <size>0x2a4</size>
         <input_file_ref idref="fl-2"/>
      </object_component>
      <object_component id="oc-d9">
         <name>.debug_info</name>
         <load_address>0x10bf</load_address>
         <run_address>0x10bf</run_address>
         <size>0xbb</size>
         <input_file_ref idref="fl-2"/>
      </object_component>
      <object_component id="oc-35">
         <name>.debug_info</name>
         <load_address>0x117a</load_address>
         <run_address>0x117a</run_address>
         <size>0x2d4</size>
         <input_file_ref idref="fl-3"/>
      </object_component>
      <object_component id="oc-13">
         <name>.debug_info</name>
         <load_address>0x144e</load_address>
         <run_address>0x144e</run_address>
         <size>0xeb</size>
         <input_file_ref idref="fl-3"/>
      </object_component>
      <object_component id="oc-28">
         <name>.debug_info</name>
         <load_address>0x1539</load_address>
         <run_address>0x1539</run_address>
         <size>0x267</size>
         <input_file_ref idref="fl-3"/>
      </object_component>
      <object_component id="oc-3c">
         <name>.debug_info</name>
         <load_address>0x17a0</load_address>
         <run_address>0x17a0</run_address>
         <size>0x84</size>
         <input_file_ref idref="fl-3"/>
      </object_component>
      <object_component id="oc-121">
         <name>.debug_info</name>
         <load_address>0x1824</load_address>
         <run_address>0x1824</run_address>
         <size>0x240</size>
         <input_file_ref idref="fl-9"/>
      </object_component>
      <object_component id="oc-c9">
         <name>.debug_info</name>
         <load_address>0x1a64</load_address>
         <run_address>0x1a64</run_address>
         <size>0x2a3</size>
         <input_file_ref idref="fl-9"/>
      </object_component>
      <object_component id="oc-11b">
         <name>.debug_info</name>
         <load_address>0x1d07</load_address>
         <run_address>0x1d07</run_address>
         <size>0x2b3</size>
         <input_file_ref idref="fl-9"/>
      </object_component>
      <object_component id="oc-8d">
         <name>.debug_info</name>
         <load_address>0x1fba</load_address>
         <run_address>0x1fba</run_address>
         <size>0x316</size>
         <input_file_ref idref="fl-9"/>
      </object_component>
      <object_component id="oc-81">
         <name>.debug_info</name>
         <load_address>0x22d0</load_address>
         <run_address>0x22d0</run_address>
         <size>0x2b7</size>
         <input_file_ref idref="fl-9"/>
      </object_component>
      <object_component id="oc-87">
         <name>.debug_info</name>
         <load_address>0x2587</load_address>
         <run_address>0x2587</run_address>
         <size>0x285</size>
         <input_file_ref idref="fl-9"/>
      </object_component>
      <object_component id="oc-113">
         <name>.debug_info</name>
         <load_address>0x280c</load_address>
         <run_address>0x280c</run_address>
         <size>0x18b</size>
         <input_file_ref idref="fl-9"/>
      </object_component>
      <object_component id="oc-14a">
         <name>.debug_info</name>
         <load_address>0x2997</load_address>
         <run_address>0x2997</run_address>
         <size>0x20e</size>
         <input_file_ref idref="fl-a"/>
      </object_component>
      <object_component id="oc-147">
         <name>.debug_info</name>
         <load_address>0x2ba5</load_address>
         <run_address>0x2ba5</run_address>
         <size>0x210</size>
         <input_file_ref idref="fl-a"/>
      </object_component>
      <object_component id="oc-1ba">
         <name>.debug_info</name>
         <load_address>0x2db5</load_address>
         <run_address>0x2db5</run_address>
         <size>0x157</size>
         <input_file_ref idref="fl-a"/>
      </object_component>
      <object_component id="oc-140">
         <name>.debug_info</name>
         <load_address>0x2f0c</load_address>
         <run_address>0x2f0c</run_address>
         <size>0x2c1</size>
         <input_file_ref idref="fl-a"/>
      </object_component>
      <object_component id="oc-93">
         <name>.debug_info</name>
         <load_address>0x31cd</load_address>
         <run_address>0x31cd</run_address>
         <size>0x23e</size>
         <input_file_ref idref="fl-a"/>
      </object_component>
      <object_component id="oc-bd">
         <name>.debug_info</name>
         <load_address>0x340b</load_address>
         <run_address>0x340b</run_address>
         <size>0x268</size>
         <input_file_ref idref="fl-a"/>
      </object_component>
      <object_component id="oc-118">
         <name>.debug_info</name>
         <load_address>0x3673</load_address>
         <run_address>0x3673</run_address>
         <size>0x298</size>
         <input_file_ref idref="fl-b"/>
      </object_component>
      <object_component id="oc-134">
         <name>.debug_info</name>
         <load_address>0x390b</load_address>
         <run_address>0x390b</run_address>
         <size>0x14d</size>
         <input_file_ref idref="fl-b"/>
      </object_component>
      <object_component id="oc-9b">
         <name>.debug_info</name>
         <load_address>0x3a58</load_address>
         <run_address>0x3a58</run_address>
         <size>0x27f</size>
         <input_file_ref idref="fl-b"/>
      </object_component>
      <object_component id="oc-7d">
         <name>.debug_info</name>
         <load_address>0x3cd7</load_address>
         <run_address>0x3cd7</run_address>
         <size>0x27d</size>
         <input_file_ref idref="fl-b"/>
      </object_component>
      <object_component id="oc-76">
         <name>.debug_info</name>
         <load_address>0x3f54</load_address>
         <run_address>0x3f54</run_address>
         <size>0x2db</size>
         <input_file_ref idref="fl-b"/>
      </object_component>
      <object_component id="oc-a6">
         <name>.debug_info</name>
         <load_address>0x422f</load_address>
         <run_address>0x422f</run_address>
         <size>0x2b5</size>
         <input_file_ref idref="fl-b"/>
      </object_component>
      <object_component id="oc-1a5">
         <name>.debug_info</name>
         <load_address>0x44e4</load_address>
         <run_address>0x44e4</run_address>
         <size>0x5f</size>
         <input_file_ref idref="fl-b"/>
      </object_component>
      <object_component id="oc-132">
         <name>.debug_info</name>
         <load_address>0x4543</load_address>
         <run_address>0x4543</run_address>
         <size>0x223</size>
         <input_file_ref idref="fl-c"/>
      </object_component>
      <object_component id="oc-1b3">
         <name>.debug_info</name>
         <load_address>0x4766</load_address>
         <run_address>0x4766</run_address>
         <size>0x15a</size>
         <input_file_ref idref="fl-c"/>
      </object_component>
      <object_component id="oc-1b6">
         <name>.debug_info</name>
         <load_address>0x48c0</load_address>
         <run_address>0x48c0</run_address>
         <size>0x16c</size>
         <input_file_ref idref="fl-c"/>
      </object_component>
      <object_component id="oc-ac">
         <name>.debug_info</name>
         <load_address>0x4a2c</load_address>
         <run_address>0x4a2c</run_address>
         <size>0x2ba</size>
         <input_file_ref idref="fl-c"/>
      </object_component>
      <object_component id="oc-13b">
         <name>.debug_info</name>
         <load_address>0x4ce6</load_address>
         <run_address>0x4ce6</run_address>
         <size>0x2eb</size>
         <input_file_ref idref="fl-c"/>
      </object_component>
      <object_component id="oc-b8">
         <name>.debug_info</name>
         <load_address>0x4fd1</load_address>
         <run_address>0x4fd1</run_address>
         <size>0x2e4</size>
         <input_file_ref idref="fl-c"/>
      </object_component>
      <object_component id="oc-b2">
         <name>.debug_info</name>
         <load_address>0x52b5</load_address>
         <run_address>0x52b5</run_address>
         <size>0x294</size>
         <input_file_ref idref="fl-c"/>
      </object_component>
      <object_component id="oc-d1">
         <name>.debug_info</name>
         <load_address>0x5549</load_address>
         <run_address>0x5549</run_address>
         <size>0x292</size>
         <input_file_ref idref="fl-c"/>
      </object_component>
      <object_component id="oc-c4">
         <name>.debug_info</name>
         <load_address>0x57db</load_address>
         <run_address>0x57db</run_address>
         <size>0x27f</size>
         <input_file_ref idref="fl-c"/>
      </object_component>
      <object_component id="oc-9f">
         <name>.debug_info</name>
         <load_address>0x5a5a</load_address>
         <run_address>0x5a5a</run_address>
         <size>0x28c</size>
         <input_file_ref idref="fl-c"/>
      </object_component>
      <object_component id="oc-12b">
         <name>.debug_info</name>
         <load_address>0x5ce6</load_address>
         <run_address>0x5ce6</run_address>
         <size>0x212</size>
         <input_file_ref idref="fl-d"/>
      </object_component>
      <object_component id="oc-f9">
         <name>.debug_info</name>
         <load_address>0x5ef8</load_address>
         <run_address>0x5ef8</run_address>
         <size>0x2d4</size>
         <input_file_ref idref="fl-c3"/>
      </object_component>
      <object_component id="oc-4e">
         <name>.debug_info</name>
         <load_address>0x61cc</load_address>
         <run_address>0x61cc</run_address>
         <size>0x1d2</size>
         <input_file_ref idref="fl-c3"/>
      </object_component>
      <object_component id="oc-f4">
         <name>.debug_info</name>
         <load_address>0x639e</load_address>
         <run_address>0x639e</run_address>
         <size>0x46</size>
         <input_file_ref idref="fl-c3"/>
      </object_component>
      <object_component id="oc-15c">
         <name>.debug_info</name>
         <load_address>0x63e4</load_address>
         <run_address>0x63e4</run_address>
         <size>0x2c</size>
         <input_file_ref idref="fl-c3"/>
      </object_component>
      <object_component id="oc-25">
         <name>.debug_info</name>
         <load_address>0x6410</load_address>
         <run_address>0x6410</run_address>
         <size>0x10b</size>
         <input_file_ref idref="fl-c6"/>
      </object_component>
      <object_component id="oc-60">
         <name>.debug_info</name>
         <load_address>0x651b</load_address>
         <run_address>0x651b</run_address>
         <size>0x1a9</size>
         <input_file_ref idref="fl-c6"/>
      </object_component>
      <object_component id="oc-1cc">
         <name>.debug_info</name>
         <load_address>0x66c4</load_address>
         <run_address>0x66c4</run_address>
         <size>0x4b3</size>
         <input_file_ref idref="fl-c9"/>
      </object_component>
      <object_component id="oc-174">
         <name>.debug_info</name>
         <load_address>0x6b77</load_address>
         <run_address>0x6b77</run_address>
         <size>0x1a6</size>
         <input_file_ref idref="fl-c9"/>
      </object_component>
      <object_component id="oc-1f7">
         <name>.debug_info</name>
         <load_address>0x6d1d</load_address>
         <run_address>0x6d1d</run_address>
         <size>0x39</size>
         <input_file_ref idref="fl-c9"/>
      </object_component>
      <object_component id="oc-20b">
         <name>.debug_info</name>
         <load_address>0x6d56</load_address>
         <run_address>0x6d56</run_address>
         <size>0x39</size>
         <input_file_ref idref="fl-c9"/>
      </object_component>
      <object_component id="oc-1fc">
         <name>.debug_info</name>
         <load_address>0x6d8f</load_address>
         <run_address>0x6d8f</run_address>
         <size>0x39</size>
         <input_file_ref idref="fl-c9"/>
      </object_component>
      <object_component id="oc-201">
         <name>.debug_info</name>
         <load_address>0x6dc8</load_address>
         <run_address>0x6dc8</run_address>
         <size>0xcd</size>
         <input_file_ref idref="fl-c9"/>
      </object_component>
      <object_component id="oc-101">
         <name>.debug_info</name>
         <load_address>0x6e95</load_address>
         <run_address>0x6e95</run_address>
         <size>0x153</size>
         <input_file_ref idref="fl-ca"/>
      </object_component>
      <object_component id="oc-166">
         <name>.debug_info</name>
         <load_address>0x6fe8</load_address>
         <run_address>0x6fe8</run_address>
         <size>0x122</size>
         <input_file_ref idref="fl-cc"/>
      </object_component>
      <object_component id="oc-246">
         <name>.debug_info</name>
         <load_address>0x710a</load_address>
         <run_address>0x710a</run_address>
         <size>0x9e</size>
      </object_component>
      <object_component id="oc-14f">
         <name>.debug_line</name>
         <load_address>0x0</load_address>
         <run_address>0x0</run_address>
         <size>0x10d</size>
         <input_file_ref idref="fl-2"/>
      </object_component>
      <object_component id="oc-32">
         <name>.debug_line</name>
         <load_address>0x10d</load_address>
         <run_address>0x10d</run_address>
         <size>0xc2</size>
         <input_file_ref idref="fl-2"/>
      </object_component>
      <object_component id="oc-e3">
         <name>.debug_line</name>
         <load_address>0x1cf</load_address>
         <run_address>0x1cf</run_address>
         <size>0x6f</size>
         <input_file_ref idref="fl-2"/>
      </object_component>
      <object_component id="oc-127">
         <name>.debug_line</name>
         <load_address>0x23e</load_address>
         <run_address>0x23e</run_address>
         <size>0x20</size>
         <input_file_ref idref="fl-2"/>
      </object_component>
      <object_component id="oc-153">
         <name>.debug_line</name>
         <load_address>0x25e</load_address>
         <run_address>0x25e</run_address>
         <size>0x73</size>
         <input_file_ref idref="fl-2"/>
      </object_component>
      <object_component id="oc-dc">
         <name>.debug_line</name>
         <load_address>0x2d1</load_address>
         <run_address>0x2d1</run_address>
         <size>0x70</size>
         <input_file_ref idref="fl-2"/>
      </object_component>
      <object_component id="oc-df">
         <name>.debug_line</name>
         <load_address>0x341</load_address>
         <run_address>0x341</run_address>
         <size>0x41</size>
         <input_file_ref idref="fl-3"/>
      </object_component>
      <object_component id="oc-34">
         <name>.debug_line</name>
         <load_address>0x382</load_address>
         <run_address>0x382</run_address>
         <size>0x41</size>
         <input_file_ref idref="fl-3"/>
      </object_component>
      <object_component id="oc-2c">
         <name>.debug_line</name>
         <load_address>0x3c3</load_address>
         <run_address>0x3c3</run_address>
         <size>0xa1</size>
         <input_file_ref idref="fl-3"/>
      </object_component>
      <object_component id="oc-3f">
         <name>.debug_line</name>
         <load_address>0x464</load_address>
         <run_address>0x464</run_address>
         <size>0x20</size>
         <input_file_ref idref="fl-3"/>
      </object_component>
      <object_component id="oc-1ac">
         <name>.debug_line</name>
         <load_address>0x484</load_address>
         <run_address>0x484</run_address>
         <size>0x82</size>
         <input_file_ref idref="fl-9"/>
      </object_component>
      <object_component id="oc-cc">
         <name>.debug_line</name>
         <load_address>0x506</load_address>
         <run_address>0x506</run_address>
         <size>0x92</size>
         <input_file_ref idref="fl-9"/>
      </object_component>
      <object_component id="oc-11f">
         <name>.debug_line</name>
         <load_address>0x598</load_address>
         <run_address>0x598</run_address>
         <size>0x95</size>
         <input_file_ref idref="fl-9"/>
      </object_component>
      <object_component id="oc-91">
         <name>.debug_line</name>
         <load_address>0x62d</load_address>
         <run_address>0x62d</run_address>
         <size>0xd1</size>
         <input_file_ref idref="fl-9"/>
      </object_component>
      <object_component id="oc-84">
         <name>.debug_line</name>
         <load_address>0x6fe</load_address>
         <run_address>0x6fe</run_address>
         <size>0x99</size>
         <input_file_ref idref="fl-9"/>
      </object_component>
      <object_component id="oc-8a">
         <name>.debug_line</name>
         <load_address>0x797</load_address>
         <run_address>0x797</run_address>
         <size>0x93</size>
         <input_file_ref idref="fl-9"/>
      </object_component>
      <object_component id="oc-116">
         <name>.debug_line</name>
         <load_address>0x82a</load_address>
         <run_address>0x82a</run_address>
         <size>0x69</size>
         <input_file_ref idref="fl-9"/>
      </object_component>
      <object_component id="oc-1c0">
         <name>.debug_line</name>
         <load_address>0x893</load_address>
         <run_address>0x893</run_address>
         <size>0x7c</size>
         <input_file_ref idref="fl-a"/>
      </object_component>
      <object_component id="oc-1be">
         <name>.debug_line</name>
         <load_address>0x90f</load_address>
         <run_address>0x90f</run_address>
         <size>0x82</size>
         <input_file_ref idref="fl-a"/>
      </object_component>
      <object_component id="oc-1e6">
         <name>.debug_line</name>
         <load_address>0x991</load_address>
         <run_address>0x991</run_address>
         <size>0x82</size>
         <input_file_ref idref="fl-a"/>
      </object_component>
      <object_component id="oc-143">
         <name>.debug_line</name>
         <load_address>0xa13</load_address>
         <run_address>0xa13</run_address>
         <size>0xaf</size>
         <input_file_ref idref="fl-a"/>
      </object_component>
      <object_component id="oc-96">
         <name>.debug_line</name>
         <load_address>0xac2</load_address>
         <run_address>0xac2</run_address>
         <size>0x97</size>
         <input_file_ref idref="fl-a"/>
      </object_component>
      <object_component id="oc-c0">
         <name>.debug_line</name>
         <load_address>0xb59</load_address>
         <run_address>0xb59</run_address>
         <size>0xc2</size>
         <input_file_ref idref="fl-a"/>
      </object_component>
      <object_component id="oc-1a4">
         <name>.debug_line</name>
         <load_address>0xc1b</load_address>
         <run_address>0xc1b</run_address>
         <size>0x13d</size>
         <input_file_ref idref="fl-b"/>
      </object_component>
      <object_component id="oc-1b1">
         <name>.debug_line</name>
         <load_address>0xd58</load_address>
         <run_address>0xd58</run_address>
         <size>0x7f</size>
         <input_file_ref idref="fl-b"/>
      </object_component>
      <object_component id="oc-9a">
         <name>.debug_line</name>
         <load_address>0xdd7</load_address>
         <run_address>0xdd7</run_address>
         <size>0x94</size>
         <input_file_ref idref="fl-b"/>
      </object_component>
      <object_component id="oc-7c">
         <name>.debug_line</name>
         <load_address>0xe6b</load_address>
         <run_address>0xe6b</run_address>
         <size>0x94</size>
         <input_file_ref idref="fl-b"/>
      </object_component>
      <object_component id="oc-75">
         <name>.debug_line</name>
         <load_address>0xeff</load_address>
         <run_address>0xeff</run_address>
         <size>0xee</size>
         <input_file_ref idref="fl-b"/>
      </object_component>
      <object_component id="oc-a5">
         <name>.debug_line</name>
         <load_address>0xfed</load_address>
         <run_address>0xfed</run_address>
         <size>0x11a</size>
         <input_file_ref idref="fl-b"/>
      </object_component>
      <object_component id="oc-1a8">
         <name>.debug_line</name>
         <load_address>0x1107</load_address>
         <run_address>0x1107</run_address>
         <size>0x7f</size>
         <input_file_ref idref="fl-b"/>
      </object_component>
      <object_component id="oc-1af">
         <name>.debug_line</name>
         <load_address>0x1186</load_address>
         <run_address>0x1186</run_address>
         <size>0x82</size>
         <input_file_ref idref="fl-c"/>
      </object_component>
      <object_component id="oc-1e2">
         <name>.debug_line</name>
         <load_address>0x1208</load_address>
         <run_address>0x1208</run_address>
         <size>0x7e</size>
         <input_file_ref idref="fl-c"/>
      </object_component>
      <object_component id="oc-1e4">
         <name>.debug_line</name>
         <load_address>0x1286</load_address>
         <run_address>0x1286</run_address>
         <size>0x7e</size>
         <input_file_ref idref="fl-c"/>
      </object_component>
      <object_component id="oc-ae">
         <name>.debug_line</name>
         <load_address>0x1304</load_address>
         <run_address>0x1304</run_address>
         <size>0x9c</size>
         <input_file_ref idref="fl-c"/>
      </object_component>
      <object_component id="oc-13e">
         <name>.debug_line</name>
         <load_address>0x13a0</load_address>
         <run_address>0x13a0</run_address>
         <size>0xaf</size>
         <input_file_ref idref="fl-c"/>
      </object_component>
      <object_component id="oc-ba">
         <name>.debug_line</name>
         <load_address>0x144f</load_address>
         <run_address>0x144f</run_address>
         <size>0x9a</size>
         <input_file_ref idref="fl-c"/>
      </object_component>
      <object_component id="oc-b4">
         <name>.debug_line</name>
         <load_address>0x14e9</load_address>
         <run_address>0x14e9</run_address>
         <size>0x93</size>
         <input_file_ref idref="fl-c"/>
      </object_component>
      <object_component id="oc-d4">
         <name>.debug_line</name>
         <load_address>0x157c</load_address>
         <run_address>0x157c</run_address>
         <size>0x93</size>
         <input_file_ref idref="fl-c"/>
      </object_component>
      <object_component id="oc-c7">
         <name>.debug_line</name>
         <load_address>0x160f</load_address>
         <run_address>0x160f</run_address>
         <size>0x93</size>
         <input_file_ref idref="fl-c"/>
      </object_component>
      <object_component id="oc-a2">
         <name>.debug_line</name>
         <load_address>0x16a2</load_address>
         <run_address>0x16a2</run_address>
         <size>0xb7</size>
         <input_file_ref idref="fl-c"/>
      </object_component>
      <object_component id="oc-12e">
         <name>.debug_line</name>
         <load_address>0x1759</load_address>
         <run_address>0x1759</run_address>
         <size>0x91</size>
         <input_file_ref idref="fl-d"/>
      </object_component>
      <object_component id="oc-162">
         <name>.debug_line</name>
         <load_address>0x17ea</load_address>
         <run_address>0x17ea</run_address>
         <size>0x92</size>
         <input_file_ref idref="fl-c3"/>
      </object_component>
      <object_component id="oc-51">
         <name>.debug_line</name>
         <load_address>0x187c</load_address>
         <run_address>0x187c</run_address>
         <size>0x56</size>
         <input_file_ref idref="fl-c3"/>
      </object_component>
      <object_component id="oc-f7">
         <name>.debug_line</name>
         <load_address>0x18d2</load_address>
         <run_address>0x18d2</run_address>
         <size>0x34</size>
         <input_file_ref idref="fl-c3"/>
      </object_component>
      <object_component id="oc-15f">
         <name>.debug_line</name>
         <load_address>0x1906</load_address>
         <run_address>0x1906</run_address>
         <size>0x92</size>
         <input_file_ref idref="fl-c3"/>
      </object_component>
      <object_component id="oc-72">
         <name>.debug_line</name>
         <load_address>0x1998</load_address>
         <run_address>0x1998</run_address>
         <size>0x33</size>
         <input_file_ref idref="fl-c6"/>
      </object_component>
      <object_component id="oc-63">
         <name>.debug_line</name>
         <load_address>0x19cb</load_address>
         <run_address>0x19cb</run_address>
         <size>0x45</size>
         <input_file_ref idref="fl-c6"/>
      </object_component>
      <object_component id="oc-1f6">
         <name>.debug_line</name>
         <load_address>0x1a10</load_address>
         <run_address>0x1a10</run_address>
         <size>0xbf</size>
         <input_file_ref idref="fl-c9"/>
      </object_component>
      <object_component id="oc-173">
         <name>.debug_line</name>
         <load_address>0x1acf</load_address>
         <run_address>0x1acf</run_address>
         <size>0x6f</size>
         <input_file_ref idref="fl-c9"/>
      </object_component>
      <object_component id="oc-1fa">
         <name>.debug_line</name>
         <load_address>0x1b3e</load_address>
         <run_address>0x1b3e</run_address>
         <size>0x2e</size>
         <input_file_ref idref="fl-c9"/>
      </object_component>
      <object_component id="oc-20e">
         <name>.debug_line</name>
         <load_address>0x1b6c</load_address>
         <run_address>0x1b6c</run_address>
         <size>0x9a</size>
         <input_file_ref idref="fl-c9"/>
      </object_component>
      <object_component id="oc-1ff">
         <name>.debug_line</name>
         <load_address>0x1c06</load_address>
         <run_address>0x1c06</run_address>
         <size>0x97</size>
         <input_file_ref idref="fl-c9"/>
      </object_component>
      <object_component id="oc-204">
         <name>.debug_line</name>
         <load_address>0x1c9d</load_address>
         <run_address>0x1c9d</run_address>
         <size>0x93</size>
         <input_file_ref idref="fl-c9"/>
      </object_component>
      <object_component id="oc-104">
         <name>.debug_line</name>
         <load_address>0x1d30</load_address>
         <run_address>0x1d30</run_address>
         <size>0x40</size>
         <input_file_ref idref="fl-ca"/>
      </object_component>
      <object_component id="oc-169">
         <name>.debug_line</name>
         <load_address>0x1d70</load_address>
         <run_address>0x1d70</run_address>
         <size>0x3c</size>
         <input_file_ref idref="fl-cc"/>
      </object_component>
      <object_component id="oc-31">
         <name>.debug_frame</name>
         <load_address>0x0</load_address>
         <run_address>0x0</run_address>
         <size>0xa4</size>
         <input_file_ref idref="fl-2"/>
      </object_component>
      <object_component id="oc-2b">
         <name>.debug_frame</name>
         <load_address>0xa4</load_address>
         <run_address>0xa4</run_address>
         <size>0x90</size>
         <input_file_ref idref="fl-3"/>
      </object_component>
      <object_component id="oc-cd">
         <name>.debug_frame</name>
         <load_address>0x2dc</load_address>
         <run_address>0x2dc</run_address>
         <size>0x7f</size>
         <input_file_ref idref="fl-9"/>
      </object_component>
      <object_component id="oc-11e">
         <name>.debug_frame</name>
         <load_address>0x35b</load_address>
         <run_address>0x35b</run_address>
         <size>0x7f</size>
         <input_file_ref idref="fl-9"/>
      </object_component>
      <object_component id="oc-90">
         <name>.debug_frame</name>
         <load_address>0x3da</load_address>
         <run_address>0x3da</run_address>
         <size>0x8f</size>
         <input_file_ref idref="fl-9"/>
      </object_component>
      <object_component id="oc-85">
         <name>.debug_frame</name>
         <load_address>0x469</load_address>
         <run_address>0x469</run_address>
         <size>0x8a</size>
         <input_file_ref idref="fl-9"/>
      </object_component>
      <object_component id="oc-8b">
         <name>.debug_frame</name>
         <load_address>0x4f3</load_address>
         <run_address>0x4f3</run_address>
         <size>0x86</size>
         <input_file_ref idref="fl-9"/>
      </object_component>
      <object_component id="oc-144">
         <name>.debug_frame</name>
         <load_address>0x579</load_address>
         <run_address>0x579</run_address>
         <size>0x8e</size>
         <input_file_ref idref="fl-a"/>
      </object_component>
      <object_component id="oc-97">
         <name>.debug_frame</name>
         <load_address>0x607</load_address>
         <run_address>0x607</run_address>
         <size>0x86</size>
         <input_file_ref idref="fl-a"/>
      </object_component>
      <object_component id="oc-c1">
         <name>.debug_frame</name>
         <load_address>0x68d</load_address>
         <run_address>0x68d</run_address>
         <size>0x7f</size>
         <input_file_ref idref="fl-a"/>
      </object_component>
      <object_component id="oc-99">
         <name>.debug_frame</name>
         <load_address>0x70c</load_address>
         <run_address>0x70c</run_address>
         <size>0x7f</size>
         <input_file_ref idref="fl-b"/>
      </object_component>
      <object_component id="oc-7b">
         <name>.debug_frame</name>
         <load_address>0x78b</load_address>
         <run_address>0x78b</run_address>
         <size>0x7f</size>
         <input_file_ref idref="fl-b"/>
      </object_component>
      <object_component id="oc-79">
         <name>.debug_frame</name>
         <load_address>0x80a</load_address>
         <run_address>0x80a</run_address>
         <size>0x93</size>
         <input_file_ref idref="fl-b"/>
      </object_component>
      <object_component id="oc-a9">
         <name>.debug_frame</name>
         <load_address>0x89d</load_address>
         <run_address>0x89d</run_address>
         <size>0x8e</size>
         <input_file_ref idref="fl-b"/>
      </object_component>
      <object_component id="oc-af">
         <name>.debug_frame</name>
         <load_address>0x92b</load_address>
         <run_address>0x92b</run_address>
         <size>0x7f</size>
         <input_file_ref idref="fl-c"/>
      </object_component>
      <object_component id="oc-13d">
         <name>.debug_frame</name>
         <load_address>0x9aa</load_address>
         <run_address>0x9aa</run_address>
         <size>0x8a</size>
         <input_file_ref idref="fl-c"/>
      </object_component>
      <object_component id="oc-bb">
         <name>.debug_frame</name>
         <load_address>0xa34</load_address>
         <run_address>0xa34</run_address>
         <size>0x8a</size>
         <input_file_ref idref="fl-c"/>
      </object_component>
      <object_component id="oc-b5">
         <name>.debug_frame</name>
         <load_address>0xabe</load_address>
         <run_address>0xabe</run_address>
         <size>0x7f</size>
         <input_file_ref idref="fl-c"/>
      </object_component>
      <object_component id="oc-d3">
         <name>.debug_frame</name>
         <load_address>0xb3d</load_address>
         <run_address>0xb3d</run_address>
         <size>0x7f</size>
         <input_file_ref idref="fl-c"/>
      </object_component>
      <object_component id="oc-c6">
         <name>.debug_frame</name>
         <load_address>0xbbc</load_address>
         <run_address>0xbbc</run_address>
         <size>0x7f</size>
         <input_file_ref idref="fl-c"/>
      </object_component>
      <object_component id="oc-a3">
         <name>.debug_frame</name>
         <load_address>0xc3b</load_address>
         <run_address>0xc3b</run_address>
         <size>0x86</size>
         <input_file_ref idref="fl-c"/>
      </object_component>
      <object_component id="oc-12a">
         <name>.debug_frame</name>
         <load_address>0xcc1</load_address>
         <run_address>0xcc1</run_address>
         <size>0x7f</size>
         <input_file_ref idref="fl-d"/>
      </object_component>
      <object_component id="oc-52">
         <name>.debug_frame</name>
         <load_address>0x134</load_address>
         <run_address>0x134</run_address>
         <size>0x54</size>
         <input_file_ref idref="fl-c3"/>
      </object_component>
      <object_component id="oc-64">
         <name>.debug_frame</name>
         <load_address>0x188</load_address>
         <run_address>0x188</run_address>
         <size>0x50</size>
         <input_file_ref idref="fl-c6"/>
      </object_component>
      <object_component id="oc-172">
         <name>.debug_frame</name>
         <load_address>0x1d8</load_address>
         <run_address>0x1d8</run_address>
         <size>0x5c</size>
         <input_file_ref idref="fl-c9"/>
      </object_component>
      <object_component id="oc-105">
         <name>.debug_frame</name>
         <load_address>0x234</load_address>
         <run_address>0x234</run_address>
         <size>0x54</size>
         <input_file_ref idref="fl-ca"/>
      </object_component>
      <object_component id="oc-16a">
         <name>.debug_frame</name>
         <load_address>0x288</load_address>
         <run_address>0x288</run_address>
         <size>0x54</size>
         <input_file_ref idref="fl-cc"/>
      </object_component>
      <object_component id="oc-14e">
         <name>.debug_abbrev</name>
         <load_address>0x0</load_address>
         <run_address>0x0</run_address>
         <size>0xcb</size>
         <input_file_ref idref="fl-2"/>
      </object_component>
      <object_component id="oc-d8">
         <name>.debug_abbrev</name>
         <load_address>0xcb</load_address>
         <run_address>0xcb</run_address>
         <size>0x7a</size>
         <input_file_ref idref="fl-2"/>
      </object_component>
      <object_component id="oc-e2">
         <name>.debug_abbrev</name>
         <load_address>0x145</load_address>
         <run_address>0x145</run_address>
         <size>0x69</size>
         <input_file_ref idref="fl-2"/>
      </object_component>
      <object_component id="oc-126">
         <name>.debug_abbrev</name>
         <load_address>0x1ae</load_address>
         <run_address>0x1ae</run_address>
         <size>0x1f</size>
         <input_file_ref idref="fl-2"/>
      </object_component>
      <object_component id="oc-152">
         <name>.debug_abbrev</name>
         <load_address>0x1cd</load_address>
         <run_address>0x1cd</run_address>
         <size>0x5c</size>
         <input_file_ref idref="fl-2"/>
      </object_component>
      <object_component id="oc-db">
         <name>.debug_abbrev</name>
         <load_address>0x229</load_address>
         <run_address>0x229</run_address>
         <size>0x24</size>
         <input_file_ref idref="fl-2"/>
      </object_component>
      <object_component id="oc-de">
         <name>.debug_abbrev</name>
         <load_address>0x24d</load_address>
         <run_address>0x24d</run_address>
         <size>0x7c</size>
         <input_file_ref idref="fl-3"/>
      </object_component>
      <object_component id="oc-33">
         <name>.debug_abbrev</name>
         <load_address>0x2c9</load_address>
         <run_address>0x2c9</run_address>
         <size>0x29</size>
         <input_file_ref idref="fl-3"/>
      </object_component>
      <object_component id="oc-73">
         <name>.debug_abbrev</name>
         <load_address>0x2f2</load_address>
         <run_address>0x2f2</run_address>
         <size>0x79</size>
         <input_file_ref idref="fl-3"/>
      </object_component>
      <object_component id="oc-3e">
         <name>.debug_abbrev</name>
         <load_address>0x36b</load_address>
         <run_address>0x36b</run_address>
         <size>0x1f</size>
         <input_file_ref idref="fl-3"/>
      </object_component>
      <object_component id="oc-1ab">
         <name>.debug_abbrev</name>
         <load_address>0x38a</load_address>
         <run_address>0x38a</run_address>
         <size>0x72</size>
         <input_file_ref idref="fl-9"/>
      </object_component>
      <object_component id="oc-14c">
         <name>.debug_abbrev</name>
         <load_address>0x3fc</load_address>
         <run_address>0x3fc</run_address>
         <size>0x6c</size>
         <input_file_ref idref="fl-9"/>
      </object_component>
      <object_component id="oc-1aa">
         <name>.debug_abbrev</name>
         <load_address>0x468</load_address>
         <run_address>0x468</run_address>
         <size>0x6c</size>
         <input_file_ref idref="fl-9"/>
      </object_component>
      <object_component id="oc-123">
         <name>.debug_abbrev</name>
         <load_address>0x4d4</load_address>
         <run_address>0x4d4</run_address>
         <size>0x6c</size>
         <input_file_ref idref="fl-9"/>
      </object_component>
      <object_component id="oc-120">
         <name>.debug_abbrev</name>
         <load_address>0x540</load_address>
         <run_address>0x540</run_address>
         <size>0x7a</size>
         <input_file_ref idref="fl-9"/>
      </object_component>
      <object_component id="oc-122">
         <name>.debug_abbrev</name>
         <load_address>0x5ba</load_address>
         <run_address>0x5ba</run_address>
         <size>0x6c</size>
         <input_file_ref idref="fl-9"/>
      </object_component>
      <object_component id="oc-115">
         <name>.debug_abbrev</name>
         <load_address>0x626</load_address>
         <run_address>0x626</run_address>
         <size>0x35</size>
         <input_file_ref idref="fl-9"/>
      </object_component>
      <object_component id="oc-1bf">
         <name>.debug_abbrev</name>
         <load_address>0x65b</load_address>
         <run_address>0x65b</run_address>
         <size>0x8e</size>
         <input_file_ref idref="fl-a"/>
      </object_component>
      <object_component id="oc-1bd">
         <name>.debug_abbrev</name>
         <load_address>0x6e9</load_address>
         <run_address>0x6e9</run_address>
         <size>0x27</size>
         <input_file_ref idref="fl-a"/>
      </object_component>
      <object_component id="oc-1e5">
         <name>.debug_abbrev</name>
         <load_address>0x710</load_address>
         <run_address>0x710</run_address>
         <size>0x29</size>
         <input_file_ref idref="fl-a"/>
      </object_component>
      <object_component id="oc-1bc">
         <name>.debug_abbrev</name>
         <load_address>0x739</load_address>
         <run_address>0x739</run_address>
         <size>0x6c</size>
         <input_file_ref idref="fl-a"/>
      </object_component>
      <object_component id="oc-12f">
         <name>.debug_abbrev</name>
         <load_address>0x7a5</load_address>
         <run_address>0x7a5</run_address>
         <size>0x60</size>
         <input_file_ref idref="fl-a"/>
      </object_component>
      <object_component id="oc-149">
         <name>.debug_abbrev</name>
         <load_address>0x805</load_address>
         <run_address>0x805</run_address>
         <size>0x6c</size>
         <input_file_ref idref="fl-a"/>
      </object_component>
      <object_component id="oc-1a3">
         <name>.debug_abbrev</name>
         <load_address>0x871</load_address>
         <run_address>0x871</run_address>
         <size>0xb0</size>
         <input_file_ref idref="fl-b"/>
      </object_component>
      <object_component id="oc-1b0">
         <name>.debug_abbrev</name>
         <load_address>0x921</load_address>
         <run_address>0x921</run_address>
         <size>0x27</size>
         <input_file_ref idref="fl-b"/>
      </object_component>
      <object_component id="oc-130">
         <name>.debug_abbrev</name>
         <load_address>0x948</load_address>
         <run_address>0x948</run_address>
         <size>0x6e</size>
         <input_file_ref idref="fl-b"/>
      </object_component>
      <object_component id="oc-119">
         <name>.debug_abbrev</name>
         <load_address>0x9b6</load_address>
         <run_address>0x9b6</run_address>
         <size>0x6c</size>
         <input_file_ref idref="fl-b"/>
      </object_component>
      <object_component id="oc-112">
         <name>.debug_abbrev</name>
         <load_address>0xa22</load_address>
         <run_address>0xa22</run_address>
         <size>0x7a</size>
         <input_file_ref idref="fl-b"/>
      </object_component>
      <object_component id="oc-136">
         <name>.debug_abbrev</name>
         <load_address>0xa9c</load_address>
         <run_address>0xa9c</run_address>
         <size>0x60</size>
         <input_file_ref idref="fl-b"/>
      </object_component>
      <object_component id="oc-1a7">
         <name>.debug_abbrev</name>
         <load_address>0xafc</load_address>
         <run_address>0xafc</run_address>
         <size>0x49</size>
         <input_file_ref idref="fl-b"/>
      </object_component>
      <object_component id="oc-1ae">
         <name>.debug_abbrev</name>
         <load_address>0xb45</load_address>
         <run_address>0xb45</run_address>
         <size>0x72</size>
         <input_file_ref idref="fl-c"/>
      </object_component>
      <object_component id="oc-1e1">
         <name>.debug_abbrev</name>
         <load_address>0xbb7</load_address>
         <run_address>0xbb7</run_address>
         <size>0x27</size>
         <input_file_ref idref="fl-c"/>
      </object_component>
      <object_component id="oc-1e3">
         <name>.debug_abbrev</name>
         <load_address>0xbde</load_address>
         <run_address>0xbde</run_address>
         <size>0x27</size>
         <input_file_ref idref="fl-c"/>
      </object_component>
      <object_component id="oc-137">
         <name>.debug_abbrev</name>
         <load_address>0xc05</load_address>
         <run_address>0xc05</run_address>
         <size>0x6c</size>
         <input_file_ref idref="fl-c"/>
      </object_component>
      <object_component id="oc-1b8">
         <name>.debug_abbrev</name>
         <load_address>0xc71</load_address>
         <run_address>0xc71</run_address>
         <size>0x6c</size>
         <input_file_ref idref="fl-c"/>
      </object_component>
      <object_component id="oc-145">
         <name>.debug_abbrev</name>
         <load_address>0xcdd</load_address>
         <run_address>0xcdd</run_address>
         <size>0x7a</size>
         <input_file_ref idref="fl-c"/>
      </object_component>
      <object_component id="oc-138">
         <name>.debug_abbrev</name>
         <load_address>0xd57</load_address>
         <run_address>0xd57</run_address>
         <size>0x6c</size>
         <input_file_ref idref="fl-c"/>
      </object_component>
      <object_component id="oc-14d">
         <name>.debug_abbrev</name>
         <load_address>0xdc3</load_address>
         <run_address>0xdc3</run_address>
         <size>0x6c</size>
         <input_file_ref idref="fl-c"/>
      </object_component>
      <object_component id="oc-14b">
         <name>.debug_abbrev</name>
         <load_address>0xe2f</load_address>
         <run_address>0xe2f</run_address>
         <size>0x6c</size>
         <input_file_ref idref="fl-c"/>
      </object_component>
      <object_component id="oc-131">
         <name>.debug_abbrev</name>
         <load_address>0xe9b</load_address>
         <run_address>0xe9b</run_address>
         <size>0x6c</size>
         <input_file_ref idref="fl-c"/>
      </object_component>
      <object_component id="oc-1ad">
         <name>.debug_abbrev</name>
         <load_address>0xf07</load_address>
         <run_address>0xf07</run_address>
         <size>0x52</size>
         <input_file_ref idref="fl-d"/>
      </object_component>
      <object_component id="oc-161">
         <name>.debug_abbrev</name>
         <load_address>0xf59</load_address>
         <run_address>0xf59</run_address>
         <size>0x5d</size>
         <input_file_ref idref="fl-c3"/>
      </object_component>
      <object_component id="oc-f3">
         <name>.debug_abbrev</name>
         <load_address>0xfb6</load_address>
         <run_address>0xfb6</run_address>
         <size>0x6f</size>
         <input_file_ref idref="fl-c3"/>
      </object_component>
      <object_component id="oc-f6">
         <name>.debug_abbrev</name>
         <load_address>0x1025</load_address>
         <run_address>0x1025</run_address>
         <size>0x24</size>
         <input_file_ref idref="fl-c3"/>
      </object_component>
      <object_component id="oc-15e">
         <name>.debug_abbrev</name>
         <load_address>0x1049</load_address>
         <run_address>0x1049</run_address>
         <size>0x24</size>
         <input_file_ref idref="fl-c3"/>
      </object_component>
      <object_component id="oc-71">
         <name>.debug_abbrev</name>
         <load_address>0x106d</load_address>
         <run_address>0x106d</run_address>
         <size>0x29</size>
         <input_file_ref idref="fl-c6"/>
      </object_component>
      <object_component id="oc-109">
         <name>.debug_abbrev</name>
         <load_address>0x1096</load_address>
         <run_address>0x1096</run_address>
         <size>0x55</size>
         <input_file_ref idref="fl-c6"/>
      </object_component>
      <object_component id="oc-1f5">
         <name>.debug_abbrev</name>
         <load_address>0x10eb</load_address>
         <run_address>0x10eb</run_address>
         <size>0xc0</size>
         <input_file_ref idref="fl-c9"/>
      </object_component>
      <object_component id="oc-1cb">
         <name>.debug_abbrev</name>
         <load_address>0x11ab</load_address>
         <run_address>0x11ab</run_address>
         <size>0x7e</size>
         <input_file_ref idref="fl-c9"/>
      </object_component>
      <object_component id="oc-1f9">
         <name>.debug_abbrev</name>
         <load_address>0x1229</load_address>
         <run_address>0x1229</run_address>
         <size>0x24</size>
         <input_file_ref idref="fl-c9"/>
      </object_component>
      <object_component id="oc-20d">
         <name>.debug_abbrev</name>
         <load_address>0x124d</load_address>
         <run_address>0x124d</run_address>
         <size>0x24</size>
         <input_file_ref idref="fl-c9"/>
      </object_component>
      <object_component id="oc-1fe">
         <name>.debug_abbrev</name>
         <load_address>0x1271</load_address>
         <run_address>0x1271</run_address>
         <size>0x24</size>
         <input_file_ref idref="fl-c9"/>
      </object_component>
      <object_component id="oc-203">
         <name>.debug_abbrev</name>
         <load_address>0x1295</load_address>
         <run_address>0x1295</run_address>
         <size>0x4b</size>
         <input_file_ref idref="fl-c9"/>
      </object_component>
      <object_component id="oc-164">
         <name>.debug_abbrev</name>
         <load_address>0x12e0</load_address>
         <run_address>0x12e0</run_address>
         <size>0x55</size>
         <input_file_ref idref="fl-ca"/>
      </object_component>
      <object_component id="oc-1c1">
         <name>.debug_abbrev</name>
         <load_address>0x1335</load_address>
         <run_address>0x1335</run_address>
         <size>0x45</size>
         <input_file_ref idref="fl-cc"/>
      </object_component>
      <object_component id="oc-247">
         <name>.debug_abbrev</name>
         <load_address>0x137a</load_address>
         <run_address>0x137a</run_address>
         <size>0xf</size>
      </object_component>
      <object_component id="oc-e4">
         <name>.debug_str</name>
         <load_address>0x0</load_address>
         <run_address>0x0</run_address>
         <size>0x2af</size>
         <input_file_ref idref="fl-2"/>
      </object_component>
      <object_component id="oc-128">
         <name>.debug_str</name>
         <load_address>0x2af</load_address>
         <run_address>0x2af</run_address>
         <size>0xfd</size>
         <input_file_ref idref="fl-2"/>
      </object_component>
      <object_component id="oc-154">
         <name>.debug_str</name>
         <load_address>0x3ac</load_address>
         <run_address>0x3ac</run_address>
         <size>0x345</size>
         <input_file_ref idref="fl-2"/>
      </object_component>
      <object_component id="oc-dd">
         <name>.debug_str</name>
         <load_address>0x6f1</load_address>
         <run_address>0x6f1</run_address>
         <size>0x147</size>
         <input_file_ref idref="fl-2"/>
      </object_component>
      <object_component id="oc-40">
         <name>.debug_str</name>
         <load_address>0x838</load_address>
         <run_address>0x838</run_address>
         <size>0xfd</size>
         <input_file_ref idref="fl-3"/>
      </object_component>
      <object_component id="oc-117">
         <name>.debug_str</name>
         <load_address>0x935</load_address>
         <run_address>0x935</run_address>
         <size>0x241</size>
         <input_file_ref idref="fl-9"/>
      </object_component>
      <object_component id="oc-1a9">
         <name>.debug_str</name>
         <load_address>0xb76</load_address>
         <run_address>0xb76</run_address>
         <size>0x141</size>
         <input_file_ref idref="fl-b"/>
      </object_component>
      <object_component id="oc-f8">
         <name>.debug_str</name>
         <load_address>0xcb7</load_address>
         <run_address>0xcb7</run_address>
         <size>0x105</size>
         <input_file_ref idref="fl-c3"/>
      </object_component>
      <object_component id="oc-160">
         <name>.debug_str</name>
         <load_address>0xdbc</load_address>
         <run_address>0xdbc</run_address>
         <size>0x140</size>
         <input_file_ref idref="fl-c3"/>
      </object_component>
      <object_component id="oc-1fb">
         <name>.debug_str</name>
         <load_address>0xefc</load_address>
         <run_address>0xefc</run_address>
         <size>0xed</size>
         <input_file_ref idref="fl-c9"/>
      </object_component>
      <object_component id="oc-20f">
         <name>.debug_str</name>
         <load_address>0xfe9</load_address>
         <run_address>0xfe9</run_address>
         <size>0x157</size>
         <input_file_ref idref="fl-c9"/>
      </object_component>
      <object_component id="oc-200">
         <name>.debug_str</name>
         <load_address>0x1140</load_address>
         <run_address>0x1140</run_address>
         <size>0x150</size>
         <input_file_ref idref="fl-c9"/>
      </object_component>
      <object_component id="oc-205">
         <name>.debug_str</name>
         <load_address>0x1290</load_address>
         <run_address>0x1290</run_address>
         <size>0x197</size>
         <input_file_ref idref="fl-c9"/>
      </object_component>
      <object_component id="oc-30">
         <name>.debug_aranges</name>
         <load_address>0x0</load_address>
         <run_address>0x0</run_address>
         <size>0x38</size>
         <input_file_ref idref="fl-2"/>
      </object_component>
      <object_component id="oc-2a">
         <name>.debug_aranges</name>
         <load_address>0x38</load_address>
         <run_address>0x38</run_address>
         <size>0x38</size>
         <input_file_ref idref="fl-3"/>
      </object_component>
      <object_component id="oc-ca">
         <name>.debug_aranges</name>
         <load_address>0x70</load_address>
         <run_address>0x70</run_address>
         <size>0x20</size>
         <input_file_ref idref="fl-9"/>
      </object_component>
      <object_component id="oc-11c">
         <name>.debug_aranges</name>
         <load_address>0x90</load_address>
         <run_address>0x90</run_address>
         <size>0x20</size>
         <input_file_ref idref="fl-9"/>
      </object_component>
      <object_component id="oc-8e">
         <name>.debug_aranges</name>
         <load_address>0xb0</load_address>
         <run_address>0xb0</run_address>
         <size>0x20</size>
         <input_file_ref idref="fl-9"/>
      </object_component>
      <object_component id="oc-82">
         <name>.debug_aranges</name>
         <load_address>0xd0</load_address>
         <run_address>0xd0</run_address>
         <size>0x20</size>
         <input_file_ref idref="fl-9"/>
      </object_component>
      <object_component id="oc-88">
         <name>.debug_aranges</name>
         <load_address>0xf0</load_address>
         <run_address>0xf0</run_address>
         <size>0x20</size>
         <input_file_ref idref="fl-9"/>
      </object_component>
      <object_component id="oc-142">
         <name>.debug_aranges</name>
         <load_address>0x110</load_address>
         <run_address>0x110</run_address>
         <size>0x20</size>
         <input_file_ref idref="fl-a"/>
      </object_component>
      <object_component id="oc-94">
         <name>.debug_aranges</name>
         <load_address>0x130</load_address>
         <run_address>0x130</run_address>
         <size>0x20</size>
         <input_file_ref idref="fl-a"/>
      </object_component>
      <object_component id="oc-bf">
         <name>.debug_aranges</name>
         <load_address>0x150</load_address>
         <run_address>0x150</run_address>
         <size>0x20</size>
         <input_file_ref idref="fl-a"/>
      </object_component>
      <object_component id="oc-9c">
         <name>.debug_aranges</name>
         <load_address>0x170</load_address>
         <run_address>0x170</run_address>
         <size>0x20</size>
         <input_file_ref idref="fl-b"/>
      </object_component>
      <object_component id="oc-7e">
         <name>.debug_aranges</name>
         <load_address>0x190</load_address>
         <run_address>0x190</run_address>
         <size>0x20</size>
         <input_file_ref idref="fl-b"/>
      </object_component>
      <object_component id="oc-78">
         <name>.debug_aranges</name>
         <load_address>0x1b0</load_address>
         <run_address>0x1b0</run_address>
         <size>0x20</size>
         <input_file_ref idref="fl-b"/>
      </object_component>
      <object_component id="oc-a8">
         <name>.debug_aranges</name>
         <load_address>0x1d0</load_address>
         <run_address>0x1d0</run_address>
         <size>0x20</size>
         <input_file_ref idref="fl-b"/>
      </object_component>
      <object_component id="oc-ab">
         <name>.debug_aranges</name>
         <load_address>0x1f0</load_address>
         <run_address>0x1f0</run_address>
         <size>0x20</size>
         <input_file_ref idref="fl-c"/>
      </object_component>
      <object_component id="oc-13a">
         <name>.debug_aranges</name>
         <load_address>0x210</load_address>
         <run_address>0x210</run_address>
         <size>0x20</size>
         <input_file_ref idref="fl-c"/>
      </object_component>
      <object_component id="oc-b7">
         <name>.debug_aranges</name>
         <load_address>0x230</load_address>
         <run_address>0x230</run_address>
         <size>0x20</size>
         <input_file_ref idref="fl-c"/>
      </object_component>
      <object_component id="oc-b1">
         <name>.debug_aranges</name>
         <load_address>0x250</load_address>
         <run_address>0x250</run_address>
         <size>0x20</size>
         <input_file_ref idref="fl-c"/>
      </object_component>
      <object_component id="oc-d0">
         <name>.debug_aranges</name>
         <load_address>0x270</load_address>
         <run_address>0x270</run_address>
         <size>0x20</size>
         <input_file_ref idref="fl-c"/>
      </object_component>
      <object_component id="oc-c3">
         <name>.debug_aranges</name>
         <load_address>0x290</load_address>
         <run_address>0x290</run_address>
         <size>0x20</size>
         <input_file_ref idref="fl-c"/>
      </object_component>
      <object_component id="oc-a1">
         <name>.debug_aranges</name>
         <load_address>0x2b0</load_address>
         <run_address>0x2b0</run_address>
         <size>0x20</size>
         <input_file_ref idref="fl-c"/>
      </object_component>
      <object_component id="oc-12c">
         <name>.debug_aranges</name>
         <load_address>0x2d0</load_address>
         <run_address>0x2d0</run_address>
         <size>0x20</size>
         <input_file_ref idref="fl-d"/>
      </object_component>
      <object_component id="oc-4f">
         <name>.debug_aranges</name>
         <load_address>0x2f0</load_address>
         <run_address>0x2f0</run_address>
         <size>0x20</size>
         <input_file_ref idref="fl-c3"/>
      </object_component>
      <object_component id="oc-62">
         <name>.debug_aranges</name>
         <load_address>0x310</load_address>
         <run_address>0x310</run_address>
         <size>0x20</size>
         <input_file_ref idref="fl-c6"/>
      </object_component>
      <object_component id="oc-175">
         <name>.debug_aranges</name>
         <load_address>0x330</load_address>
         <run_address>0x330</run_address>
         <size>0x20</size>
         <input_file_ref idref="fl-c9"/>
      </object_component>
      <object_component id="oc-103">
         <name>.debug_aranges</name>
         <load_address>0x350</load_address>
         <run_address>0x350</run_address>
         <size>0x20</size>
         <input_file_ref idref="fl-ca"/>
      </object_component>
      <object_component id="oc-167">
         <name>.debug_aranges</name>
         <load_address>0x370</load_address>
         <run_address>0x370</run_address>
         <size>0x20</size>
         <input_file_ref idref="fl-cc"/>
      </object_component>
      <object_component id="oc-d7">
         <name>.debug_pubnames</name>
         <load_address>0x0</load_address>
         <run_address>0x0</run_address>
         <size>0x25</size>
         <input_file_ref idref="fl-2"/>
      </object_component>
      <object_component id="oc-2f">
         <name>.debug_pubnames</name>
         <load_address>0x25</load_address>
         <run_address>0x25</run_address>
         <size>0x49</size>
         <input_file_ref idref="fl-2"/>
      </object_component>
      <object_component id="oc-14">
         <name>.debug_pubnames</name>
         <load_address>0x6e</load_address>
         <run_address>0x6e</run_address>
         <size>0x23</size>
         <input_file_ref idref="fl-3"/>
      </object_component>
      <object_component id="oc-29">
         <name>.debug_pubnames</name>
         <load_address>0x91</load_address>
         <run_address>0x91</run_address>
         <size>0x4c</size>
         <input_file_ref idref="fl-3"/>
      </object_component>
      <object_component id="oc-cb">
         <name>.debug_pubnames</name>
         <load_address>0xdd</load_address>
         <run_address>0xdd</run_address>
         <size>0x23</size>
         <input_file_ref idref="fl-9"/>
      </object_component>
      <object_component id="oc-11d">
         <name>.debug_pubnames</name>
         <load_address>0x100</load_address>
         <run_address>0x100</run_address>
         <size>0x25</size>
         <input_file_ref idref="fl-9"/>
      </object_component>
      <object_component id="oc-8f">
         <name>.debug_pubnames</name>
         <load_address>0x125</load_address>
         <run_address>0x125</run_address>
         <size>0x27</size>
         <input_file_ref idref="fl-9"/>
      </object_component>
      <object_component id="oc-83">
         <name>.debug_pubnames</name>
         <load_address>0x14c</load_address>
         <run_address>0x14c</run_address>
         <size>0x2c</size>
         <input_file_ref idref="fl-9"/>
      </object_component>
      <object_component id="oc-89">
         <name>.debug_pubnames</name>
         <load_address>0x178</load_address>
         <run_address>0x178</run_address>
         <size>0x2b</size>
         <input_file_ref idref="fl-9"/>
      </object_component>
      <object_component id="oc-148">
         <name>.debug_pubnames</name>
         <load_address>0x1a3</load_address>
         <run_address>0x1a3</run_address>
         <size>0x77</size>
         <input_file_ref idref="fl-a"/>
      </object_component>
      <object_component id="oc-1bb">
         <name>.debug_pubnames</name>
         <load_address>0x21a</load_address>
         <run_address>0x21a</run_address>
         <size>0x26</size>
         <input_file_ref idref="fl-a"/>
      </object_component>
      <object_component id="oc-141">
         <name>.debug_pubnames</name>
         <load_address>0x240</load_address>
         <run_address>0x240</run_address>
         <size>0x22</size>
         <input_file_ref idref="fl-a"/>
      </object_component>
      <object_component id="oc-95">
         <name>.debug_pubnames</name>
         <load_address>0x262</load_address>
         <run_address>0x262</run_address>
         <size>0x26</size>
         <input_file_ref idref="fl-a"/>
      </object_component>
      <object_component id="oc-be">
         <name>.debug_pubnames</name>
         <load_address>0x288</load_address>
         <run_address>0x288</run_address>
         <size>0x20</size>
         <input_file_ref idref="fl-a"/>
      </object_component>
      <object_component id="oc-135">
         <name>.debug_pubnames</name>
         <load_address>0x2a8</load_address>
         <run_address>0x2a8</run_address>
         <size>0x23</size>
         <input_file_ref idref="fl-b"/>
      </object_component>
      <object_component id="oc-9d">
         <name>.debug_pubnames</name>
         <load_address>0x2cb</load_address>
         <run_address>0x2cb</run_address>
         <size>0x2c</size>
         <input_file_ref idref="fl-b"/>
      </object_component>
      <object_component id="oc-7f">
         <name>.debug_pubnames</name>
         <load_address>0x2f7</load_address>
         <run_address>0x2f7</run_address>
         <size>0x2d</size>
         <input_file_ref idref="fl-b"/>
      </object_component>
      <object_component id="oc-77">
         <name>.debug_pubnames</name>
         <load_address>0x324</load_address>
         <run_address>0x324</run_address>
         <size>0x25</size>
         <input_file_ref idref="fl-b"/>
      </object_component>
      <object_component id="oc-a7">
         <name>.debug_pubnames</name>
         <load_address>0x349</load_address>
         <run_address>0x349</run_address>
         <size>0x25</size>
         <input_file_ref idref="fl-b"/>
      </object_component>
      <object_component id="oc-1b4">
         <name>.debug_pubnames</name>
         <load_address>0x36e</load_address>
         <run_address>0x36e</run_address>
         <size>0x2a</size>
         <input_file_ref idref="fl-c"/>
      </object_component>
      <object_component id="oc-1b7">
         <name>.debug_pubnames</name>
         <load_address>0x398</load_address>
         <run_address>0x398</run_address>
         <size>0x33</size>
         <input_file_ref idref="fl-c"/>
      </object_component>
      <object_component id="oc-ad">
         <name>.debug_pubnames</name>
         <load_address>0x3cb</load_address>
         <run_address>0x3cb</run_address>
         <size>0x23</size>
         <input_file_ref idref="fl-c"/>
      </object_component>
      <object_component id="oc-13c">
         <name>.debug_pubnames</name>
[...]
            <object_component_ref idref="oc-115"/>
            <object_component_ref idref="oc-1bf"/>
            <object_component_ref idref="oc-1bd"/>
            <object_component_ref idref="oc-1e5"/>
            <object_component_ref idref="oc-1bc"/>
            <object_component_ref idref="oc-12f"/>
            <object_component_ref idref="oc-149"/>
            <object_component_ref idref="oc-1a3"/>
            <object_component_ref idref="oc-1b0"/>
            <object_component_ref idref="oc-130"/>
            <object_component_ref idref="oc-119"/>
            <object_component_ref idref="oc-112"/>
            <object_component_ref idref="oc-136"/>
            <object_component_ref idref="oc-1a7"/>
            <object_component_ref idref="oc-1ae"/>
            <object_component_ref idref="oc-1e1"/>
            <object_component_ref idref="oc-1e3"/>
            <object_component_ref idref="oc-137"/>
            <object_component_ref idref="oc-1b8"/>
            <object_component_ref idref="oc-145"/>
            <object_component_ref idref="oc-138"/>
            <object_component_ref idref="oc-14d"/>
            <object_component_ref idref="oc-14b"/>
            <object_component_ref idref="oc-131"/>
            <object_component_ref idref="oc-1ad"/>
            <object_component_ref idref="oc-161"/>
            <object_component_ref idref="oc-f3"/>
            <object_component_ref idref="oc-f6"/>
            <object_component_ref idref="oc-15e"/>
            <object_component_ref idref="oc-71"/>
            <object_component_ref idref="oc-109"/>
            <object_component_ref idref="oc-1f5"/>
            <object_component_ref idref="oc-1cb"/>
            <object_component_ref idref="oc-1f9"/>
            <object_component_ref idref="oc-20d"/>
            <object_component_ref idref="oc-1fe"/>
            <object_component_ref idref="oc-203"/>
            <object_component_ref idref="oc-164"/>
            <object_component_ref idref="oc-1c1"/>
            <object_component_ref idref="oc-247"/>
         </contents>
      </logical_group>
      <logical_group id="lg-230" display="never" color="cyan">
         <name>.debug_str</name>
         <load_address>0x0</load_address>
         <run_address>0x0</run_address>
         <size>0x1427</size>
         <contents>
            <object_component_ref idref="oc-e4"/>
            <object_component_ref idref="oc-128"/>
            <object_component_ref idref="oc-154"/>
            <object_component_ref idref="oc-dd"/>
            <object_component_ref idref="oc-40"/>
            <object_component_ref idref="oc-117"/>
            <object_component_ref idref="oc-1a9"/>
            <object_component_ref idref="oc-f8"/>
            <object_component_ref idref="oc-160"/>
            <object_component_ref idref="oc-1fb"/>
            <object_component_ref idref="oc-20f"/>
            <object_component_ref idref="oc-200"/>
            <object_component_ref idref="oc-205"/>
         </contents>
      </logical_group>
      <logical_group id="lg-232" display="never" color="cyan">
         <name>.debug_aranges</name>
         <load_address>0x0</load_address>
         <run_address>0x0</run_address>
         <size>0x390</size>
         <contents>
            <object_component_ref idref="oc-30"/>
            <object_component_ref idref="oc-2a"/>
            <object_component_ref idref="oc-ca"/>
            <object_component_ref idref="oc-11c"/>
            <object_component_ref idref="oc-8e"/>
            <object_component_ref idref="oc-82"/>
            <object_component_ref idref="oc-88"/>
            <object_component_ref idref="oc-142"/>
            <object_component_ref idref="oc-94"/>
            <object_component_ref idref="oc-bf"/>
            <object_component_ref idref="oc-9c"/>
            <object_component_ref idref="oc-7e"/>
            <object_component_ref idref="oc-78"/>
            <object_component_ref idref="oc-a8"/>
            <object_component_ref idref="oc-ab"/>
            <object_component_ref idref="oc-13a"/>
            <object_component_ref idref="oc-b7"/>
            <object_component_ref idref="oc-b1"/>
            <object_component_ref idref="oc-d0"/>
            <object_component_ref idref="oc-c3"/>
            <object_component_ref idref="oc-a1"/>
            <object_component_ref idref="oc-12c"/>
            <object_component_ref idref="oc-4f"/>
            <object_component_ref idref="oc-62"/>
            <object_component_ref idref="oc-175"/>
            <object_component_ref idref="oc-103"/>
            <object_component_ref idref="oc-167"/>
         </contents>
      </logical_group>
      <logical_group id="lg-234" display="never" color="cyan">
         <name>.debug_pubnames</name>
         <load_address>0x0</load_address>
         <run_address>0x0</run_address>
         <size>0x5d7</size>
         <contents>
            <object_component_ref idref="oc-d7"/>
            <object_component_ref idref="oc-2f"/>
            <object_component_ref idref="oc-14"/>
            <object_component_ref idref="oc-29"/>
            <object_component_ref idref="oc-cb"/>
            <object_component_ref idref="oc-11d"/>
            <object_component_ref idref="oc-8f"/>
            <object_component_ref idref="oc-83"/>
            <object_component_ref idref="oc-89"/>
            <object_component_ref idref="oc-148"/>
            <object_component_ref idref="oc-1bb"/>
            <object_component_ref idref="oc-141"/>
            <object_component_ref idref="oc-95"/>
            <object_component_ref idref="oc-be"/>
            <object_component_ref idref="oc-135"/>
            <object_component_ref idref="oc-9d"/>
            <object_component_ref idref="oc-7f"/>
            <object_component_ref idref="oc-77"/>
            <object_component_ref idref="oc-a7"/>
            <object_component_ref idref="oc-1b4"/>
            <object_component_ref idref="oc-1b7"/>
            <object_component_ref idref="oc-ad"/>
            <object_component_ref idref="oc-13c"/>
            <object_component_ref idref="oc-b9"/>
            <object_component_ref idref="oc-b3"/>
            <object_component_ref idref="oc-d2"/>
            <object_component_ref idref="oc-c5"/>
            <object_component_ref idref="oc-a0"/>
            <object_component_ref idref="oc-12d"/>
            <object_component_ref idref="oc-50"/>
            <object_component_ref idref="oc-26"/>
            <object_component_ref idref="oc-61"/>
            <object_component_ref idref="oc-176"/>
            <object_component_ref idref="oc-102"/>
            <object_component_ref idref="oc-168"/>
         </contents>
      </logical_group>
      <logical_group id="lg-236" display="never" color="cyan">
         <name>.debug_pubtypes</name>
         <load_address>0x0</load_address>
         <run_address>0x0</run_address>
         <size>0xb53</size>
         <contents>
            <object_component_ref idref="oc-e1"/>
            <object_component_ref idref="oc-125"/>
            <object_component_ref idref="oc-151"/>
            <object_component_ref idref="oc-da"/>
            <object_component_ref idref="oc-3d"/>
            <object_component_ref idref="oc-114"/>
            <object_component_ref idref="oc-1a6"/>
            <object_component_ref idref="oc-f5"/>
            <object_component_ref idref="oc-15d"/>
            <object_component_ref idref="oc-1f8"/>
            <object_component_ref idref="oc-20c"/>
            <object_component_ref idref="oc-1fd"/>
            <object_component_ref idref="oc-202"/>
         </contents>
      </logical_group>
      <logical_group id="lg-244" display="no" color="cyan">
         <name>Veneer$$CMSE</name>
         <run_address>0x0</run_address>
         <size>0x0</size>
         <contents>
         </contents>
      </logical_group>
      <load_segment id="lg-249" display="no" color="cyan">
         <name>SEGMENT_0</name>
         <load_address>0x0</load_address>
         <run_address>0x0</run_address>
         <size>0xc0c</size>
         <flags>0x5</flags>
         <contents>
            <logical_group_ref idref="lg-3"/>
            <logical_group_ref idref="lg-4"/>
            <logical_group_ref idref="lg-5"/>
            <logical_group_ref idref="lg-6"/>
         </contents>
      </load_segment>
      <load_segment id="lg-24a" display="no" color="cyan">
         <name>SEGMENT_1</name>
         <run_address>0x20000000</run_address>
         <size>0x470</size>
         <flags>0x6</flags>
         <contents>
            <logical_group_ref idref="lg-9"/>
            <logical_group_ref idref="lg-b"/>
            <logical_group_ref idref="lg-d"/>
         </contents>
      </load_segment>
   </logical_group_list>
   <placement_map>
      <memory_area display="yes" color="green">
         <name>FLASH</name>
         <page_id>0x0</page_id>
         <origin>0x0</origin>
         <length>0x40000</length>
         <used_space>0xc0c</used_space>
         <unused_space>0x3f3f4</unused_space>
         <attributes>RX</attributes>
         <usage_details>
            <allocated_space>
               <start_address>0x0</start_address>
               <size>0x26c</size>
               <logical_group_ref idref="lg-3"/>
            </allocated_space>
            <allocated_space>
               <start_address>0x26c</start_address>
               <size>0x800</size>
               <logical_group_ref idref="lg-4"/>
            </allocated_space>
            <allocated_space>
               <start_address>0xa6c</start_address>
               <size>0x17c</size>
               <logical_group_ref idref="lg-5"/>
            </allocated_space>
            <allocated_space>
               <start_address>0xbe8</start_address>
               <size>0x24</size>
               <logical_group_ref idref="lg-6"/>
            </allocated_space>
            <available_space>
               <start_address>0xc0c</start_address>
               <size>0x3f3f4</size>
            </available_space>
         </usage_details>
      </memory_area>
      <memory_area display="yes" color="green">
         <name>SRAM</name>
         <page_id>0x0</page_id>
         <origin>0x20000000</origin>
         <length>0x8000</length>
         <used_space>0x46d</used_space>
         <unused_space>0x7b93</unused_space>
         <attributes>RWX</attributes>
         <usage_details>
            <allocated_space>
               <start_address>0x20000000</start_address>
               <size>0x0</size>
               <logical_group_ref idref="lg-219"/>
            </allocated_space>
            <allocated_space>
               <start_address>0x20000000</start_address>
               <size>0x26c</size>
               <logical_group_ref idref="lg-9"/>
            </allocated_space>
            <allocated_space>
               <start_address>0x2000026c</start_address>
               <size>0x1</size>
               <logical_group_ref idref="lg-b"/>
            </allocated_space>
            <available_space>
               <start_address>0x2000026d</start_address>
               <size>0x3</size>
            </available_space>
            <allocated_space>
               <start_address>0x20000270</start_address>
               <size>0x200</size>
               <logical_group_ref idref="lg-d"/>
            </allocated_space>
            <available_space>
               <start_address>0x20000470</start_address>
               <size>0x7b90</size>
            </available_space>
         </usage_details>
      </memory_area>
   </placement_map>
   <cptbl_list>
      <cptbl>
         <name>__TI_cinit_table</name>
         <cprec>
            <name>.bss</name>
            <load_address>0xbe8</load_address>
            <load_size>0x8</load_size>
            <run_address>0x2000026c</run_address>
            <run_size>0x1</run_size>
            <compression>zero_init</compression>
         </cprec>
         <cprec>
            <name>.vtable</name>
            <load_address>0xbf0</load_address>
            <load_size>0x8</load_size>
            <run_address>0x20000000</run_address>
            <run_size>0x26c</run_size>
            <compression>zero_init</compression>
         </cprec>
      </cptbl>
   </cptbl_list>
   <handler_table>
      <handler_table_name>__TI_handler_table</handler_table_name>
      <handler>
         <index>0x0</index>
         <name>__TI_zero_init</name>
      </handler>
   </handler_table>
   <symbol_table>
      <symbol id="sm-1">
         <name>__STACK_TOP</name>
         <value>0x20000470</value>
      </symbol>
      <symbol id="sm-2">
         <name>__start___llvm_prf_cnts</name>
         <value>0x20000000</value>
      </symbol>
      <symbol id="sm-3">
         <name>__stop___llvm_prf_cnts</name>
         <value>0x20000000</value>
      </symbol>
      <symbol id="sm-4">
         <name>__TI_CINIT_Base</name>
         <value>0xbfc</value>
      </symbol>
      <symbol id="sm-5">
         <name>__TI_CINIT_Limit</name>
         <value>0xc0c</value>
      </symbol>
      <symbol id="sm-6">
         <name>__TI_Handler_Table_Base</name>
         <value>0xbf8</value>
      </symbol>
      <symbol id="sm-7">
         <name>__TI_Handler_Table_Limit</name>
         <value>0xbfc</value>
      </symbol>
      <symbol id="sm-8">
         <name>binit</name>
         <value>0xffffffff</value>
      </symbol>
      <symbol id="sm-9">
         <name>__binit__</name>
         <value>0xffffffff</value>
      </symbol>
      <symbol id="sm-a">
         <name>__STACK_SIZE</name>
         <value>0x200</value>
      </symbol>
      <symbol id="sm-b">
         <name>__STACK_END</name>
         <value>0x20000470</value>
      </symbol>
      <symbol id="sm-c">
         <name>__c_args__</name>
         <value>0xffffffff</value>
      </symbol>
      <symbol id="sm-d">
         <name>__TI_pprof_out_hndl</name>
         <value>0xffffffff</value>
      </symbol>
      <symbol id="sm-e">
         <name>__TI_prof_data_start</name>
         <value>0xffffffff</value>
      </symbol>
      <symbol id="sm-f">
         <name>__TI_prof_data_size</name>
         <value>0xffffffff</value>
      </symbol>
      <symbol id="sm-57">
         <name>mplex</name>
         <value>0x2000026c</value>
      </symbol>
      <symbol id="sm-58">
         <name>main</name>
         <value>0x26d</value>
         <object_component_ref idref="oc-2d"/>
      </symbol>
      <symbol id="sm-59">
         <name>delayMs</name>
         <value>0x3ad</value>
         <object_component_ref idref="oc-2d"/>
      </symbol>
      <symbol id="sm-5a">
         <name>semaforo</name>
         <value>0x2e3</value>
         <object_component_ref idref="oc-2d"/>
      </symbol>
      <symbol id="sm-5b">
         <name>Timer0IntHandler</name>
         <value>0x3c7</value>
         <object_component_ref idref="oc-2d"/>
      </symbol>
      <symbol id="sm-7c">
         <name>ResetISR</name>
         <value>0xa41</value>
         <object_component_ref idref="oc-27"/>
      </symbol>
      <symbol id="sm-7d">
         <name>g_pfnVectors</name>
         <value>0x0</value>
         <object_component_ref idref="oc-12"/>
      </symbol>
      <symbol id="sm-b1">
         <name>GPIOPinTypeGPIOInput</name>
         <value>0x9f3</value>
         <object_component_ref idref="oc-86"/>
      </symbol>
      <symbol id="sm-b2">
         <name>GPIOPinTypeGPIOOutput</name>
         <value>0x9c3</value>
         <object_component_ref idref="oc-80"/>
      </symbol>
      <symbol id="sm-b3">
         <name>GPIODirModeSet</name>
         <value>0x97d</value>
         <object_component_ref idref="oc-11a"/>
      </symbol>
      <symbol id="sm-b4">
         <name>GPIOPinWrite</name>
         <value>0xa55</value>
         <object_component_ref idref="oc-c8"/>
      </symbol>
      <symbol id="sm-b5">
         <name>GPIOPadConfigSet</name>
         <value>0x419</value>
         <object_component_ref idref="oc-8c"/>
      </symbol>
      <symbol id="sm-f7">
         <name>IntEnable</name>
         <value>0x751</value>
         <object_component_ref idref="oc-bc"/>
      </symbol>
      <symbol id="sm-f8">
         <name>IntRegister</name>
         <value>0x8e1</value>
         <object_component_ref idref="oc-13f"/>
      </symbol>
      <symbol id="sm-f9">
         <name>g_pfnRAMVectors</name>
         <value>0x20000000</value>
         <object_component_ref idref="oc-1b9"/>
      </symbol>
      <symbol id="sm-fa">
         <name>IntMasterEnable</name>
         <value>0xa17</value>
         <object_component_ref idref="oc-92"/>
      </symbol>
      <symbol id="sm-157">
         <name>SysCtlClockSet</name>
         <value>0x65d</value>
         <object_component_ref idref="oc-74"/>
      </symbol>
      <symbol id="sm-158">
         <name>SysCtlDelay</name>
         <value>0xa5b</value>
         <object_component_ref idref="oc-ce"/>
      </symbol>
      <symbol id="sm-159">
         <name>SysCtlPeripheralEnable</name>
         <value>0x915</value>
         <object_component_ref idref="oc-7a"/>
      </symbol>
      <symbol id="sm-15a">
         <name>SysCtlClockGet</name>
         <value>0x54d</value>
         <object_component_ref idref="oc-a4"/>
      </symbol>
      <symbol id="sm-15b">
         <name>SysCtlPeripheralReady</name>
         <value>0x8a9</value>
         <object_component_ref idref="oc-98"/>
      </symbol>
      <symbol id="sm-1b6">
         <name>TimerLoadSet</name>
         <value>0xa05</value>
         <object_component_ref idref="oc-aa"/>
      </symbol>
      <symbol id="sm-1b7">
         <name>TimerIntRegister</name>
         <value>0x9db</value>
         <object_component_ref idref="oc-b6"/>
      </symbol>
      <symbol id="sm-1b8">
         <name>TimerEnable</name>
         <value>0xa27</value>
         <object_component_ref idref="oc-c2"/>
      </symbol>
      <symbol id="sm-1b9">
         <name>TimerIntEnable</name>
         <value>0xa4d</value>
         <object_component_ref idref="oc-b0"/>
      </symbol>
      <symbol id="sm-1ba">
         <name>TimerConfigure</name>
         <value>0x7b9</value>
         <object_component_ref idref="oc-9e"/>
      </symbol>
      <symbol id="sm-1bb">
         <name>TimerIntClear</name>
         <value>0xa61</value>
         <object_component_ref idref="oc-cf"/>
      </symbol>
      <symbol id="sm-1c5">
         <name>CPUcpsie</name>
         <value>0xa35</value>
         <object_component_ref idref="oc-129"/>
      </symbol>
      <symbol id="sm-1de">
         <name>__TI_zero_init_nomemset</name>
         <value>0x9a7</value>
         <object_component_ref idref="oc-4d"/>
      </symbol>
      <symbol id="sm-1f3">
         <name>__stack</name>
         <value>0x20000270</value>
         <object_component_ref idref="oc-24"/>
      </symbol>
      <symbol id="sm-1f4">
         <name>_c_int00_noargs</name>
         <value>0x949</value>
         <object_component_ref idref="oc-5f"/>
      </symbol>
      <symbol id="sm-21e">
         <name>__TI_auto_init_nobinit_nopinit</name>
         <value>0x865</value>
         <object_component_ref idref="oc-171"/>
      </symbol>
      <symbol id="sm-228">
         <name>_system_pre_init</name>
         <value>0xa65</value>
         <object_component_ref idref="oc-100"/>
      </symbol>
      <symbol id="sm-234">
         <name>C$$EXIT</name>
         <value>0xa69</value>
         <object_component_ref idref="oc-165"/>
      </symbol>
      <symbol id="sm-235">
         <name>abort</name>
         <value>0xa69</value>
         <object_component_ref idref="oc-165"/>
      </symbol>
      <symbol id="sm-238">
         <name>__TI_static_base__</name>
         <value>0x0</value>
      </symbol>
      <symbol id="sm-23a">
         <name>__mpu_init</name>
         <value>0x0</value>
      </symbol>
      <symbol id="sm-23b">
         <name>_system_post_cinit</name>
         <value>0x0</value>
      </symbol>
   </symbol_table>
   <title>Link successful</title>
</link_info>
